12:17:40  INFO     ============================================================
12:17:40  INFO     build_tick_bars  EURUSD  1000t  2015–2025  timeout=240s/month
12:17:40  INFO     Output: C:\nautilus0\trading_system_v4\data\eurusd_1000t_bars.parquet
12:17:40  INFO     ============================================================
12:17:40  INFO     [2015-01] downloading/verifying cache …
12:17:40  INFO     [2015-01] reading ticks …
12:17:41  INFO     [2015-01] 2,033,272 ticks → building bars …
12:17:41  INFO     [2015-01] → 2,033 bars
12:17:41  INFO     [2015-01] SAVED  cumulative=2,033 rows  (ok=1 skip=0 err=0)
12:17:41  INFO     [2015-02] downloading/verifying cache …
12:17:41  INFO     [2015-02] reading ticks …
12:17:42  INFO     [2015-02] 1,615,536 ticks → building bars …
12:17:42  INFO     [2015-02] → 1,615 bars
12:17:42  INFO     [2015-02] SAVED  cumulative=3,648 rows  (ok=2 skip=0 err=0)
12:17:42  INFO     [2015-03] downloading/verifying cache …
12:17:42  INFO     [2015-03] reading ticks …
12:17:43  INFO     [2015-03] 2,218,340 ticks → building bars …
12:17:44  INFO     [2015-03] → 2,218 bars
12:17:44  INFO     [2015-03] SAVED  cumulative=5,866 rows  (ok=3 skip=0 err=0)
12:17:44  INFO     [2015-04] downloading/verifying cache …
12:20:12  INFO     [2015-04] reading ticks …
12:20:20  INFO     [2015-04] 2,296,365 ticks → building bars …
12:20:20  INFO     [2015-04] → 2,296 bars
12:20:20  INFO     [2015-04] SAVED  cumulative=8,162 rows  (ok=4 skip=0 err=0)
12:20:20  INFO     [2015-05] downloading/verifying cache …
12:22:53  INFO     [2015-05] reading ticks …
12:23:00  INFO     [2015-05] 2,143,097 ticks → building bars …
12:23:00  INFO     [2015-05] → 2,143 bars
12:23:00  INFO     [2015-05] SAVED  cumulative=10,305 rows  (ok=5 skip=0 err=0)
12:23:00  INFO     [2015-06] downloading/verifying cache …
12:25:28  INFO     [2015-06] reading ticks …
12:25:37  INFO     [2015-06] 2,278,998 ticks → building bars …
12:25:37  INFO     [2015-06] → 2,278 bars
12:25:37  INFO     [2015-06] SAVED  cumulative=12,583 rows  (ok=6 skip=0 err=0)
12:25:37  INFO     [2015-07] downloading/verifying cache …
12:28:09  INFO     [2015-07] reading ticks …
12:28:18  INFO     [2015-07] 2,079,650 ticks → building bars …
12:28:18  INFO     [2015-07] → 2,079 bars
12:28:18  INFO     [2015-07] SAVED  cumulative=14,662 rows  (ok=7 skip=0 err=0)
12:28:18  INFO     [2015-08] downloading/verifying cache …
12:30:50  INFO     [2015-08] reading ticks …
12:30:57  INFO     [2015-08] 1,955,166 ticks → building bars …
12:30:57  INFO     [2015-08] → 1,955 bars
12:30:57  INFO     [2015-08] SAVED  cumulative=16,617 rows  (ok=8 skip=0 err=0)
12:30:57  INFO     [2015-09] downloading/verifying cache …
12:33:25  INFO     [2015-09] reading ticks …
12:33:32  INFO     [2015-09] 2,010,624 ticks → building bars …
12:33:32  INFO     [2015-09] → 2,010 bars
12:33:32  INFO     [2015-09] SAVED  cumulative=18,627 rows  (ok=9 skip=0 err=0)
12:33:32  INFO     [2015-10] downloading/verifying cache …
12:37:32  ERROR    [2015-10] ERROR: Max retries (3) exceeded for URL: https://datafeed.dukascopy.com/datafeed/EURUSD/2015/09/01/00h_ticks.bi5 — skipping
12:37:32  INFO     [2015-11] downloading/verifying cache …
12:41:32  ERROR    [2015-11] ERROR: Max retries (3) exceeded for URL: https://datafeed.dukascopy.com/datafeed/EURUSD/2015/10/01/00h_ticks.bi5 — skipping
12:41:32  INFO     [2015-12] downloading/verifying cache …
12:45:32  ERROR    [2015-12] ERROR: Max retries (3) exceeded for URL: https://datafeed.dukascopy.com/datafeed/EURUSD/2015/11/01/00h_ticks.bi5 — skipping
12:45:32  INFO     [2016-01] downloading/verifying cache …
12:48:05  INFO     [2016-01] reading ticks …
12:48:12  INFO     [2016-01] 2,203,624 ticks → building bars …
12:48:12  INFO     [2016-01] → 2,203 bars
12:48:12  INFO     [2016-01] SAVED  cumulative=20,830 rows  (ok=10 skip=0 err=3)
12:48:12  INFO     [2016-02] downloading/verifying cache …
12:50:35  INFO     [2016-02] reading ticks …
12:50:42  INFO     [2016-02] 2,906,011 ticks → building bars …
12:50:43  INFO     [2016-02] → 2,906 bars
12:50:43  INFO     [2016-02] SAVED  cumulative=23,736 rows  (ok=11 skip=0 err=3)
12:50:43  INFO     [2016-03] downloading/verifying cache …
12:54:43  ERROR    [2016-03] ERROR: Max retries (3) exceeded for URL: https://datafeed.dukascopy.com/datafeed/EURUSD/2016/02/01/00h_ticks.bi5 — skipping
12:54:43  INFO     [2016-04] downloading/verifying cache …
12:57:10  INFO     [2016-04] reading ticks …
12:57:17  INFO     [2016-04] 1,954,992 ticks → building bars …
12:57:17  INFO     [2016-04] → 1,954 bars
12:57:17  INFO     [2016-04] SAVED  cumulative=25,690 rows  (ok=12 skip=0 err=4)
12:57:17  INFO     [2016-05] downloading/verifying cache …
12:59:50  INFO     [2016-05] reading ticks …
12:59:57  INFO     [2016-05] 1,822,524 ticks → building bars …
12:59:57  INFO     [2016-05] → 1,822 bars
12:59:57  INFO     [2016-05] SAVED  cumulative=27,512 rows  (ok=13 skip=0 err=4)
12:59:57  INFO     [2016-06] downloading/verifying cache …
13:02:24  INFO     [2016-06] reading ticks …
13:02:33  INFO     [2016-06] 2,254,375 ticks → building bars …
13:02:33  INFO     [2016-06] → 2,254 bars
13:02:33  INFO     [2016-06] SAVED  cumulative=29,766 rows  (ok=14 skip=0 err=4)
13:02:33  INFO     [2016-07] downloading/verifying cache …
13:05:06  INFO     [2016-07] reading ticks …
13:05:14  INFO     [2016-07] 4,201,709 ticks → building bars …
13:05:14  INFO     [2016-07] → 4,201 bars
13:05:14  INFO     [2016-07] SAVED  cumulative=33,967 rows  (ok=15 skip=0 err=4)
13:05:14  INFO     [2016-08] downloading/verifying cache …
13:07:47  INFO     [2016-08] reading ticks …
13:07:57  INFO     [2016-08] 7,691,127 ticks → building bars …
13:07:58  INFO     [2016-08] → 7,691 bars
13:07:58  INFO     [2016-08] SAVED  cumulative=41,658 rows  (ok=16 skip=0 err=4)
13:07:58  INFO     [2016-09] downloading/verifying cache …
13:10:26  INFO     [2016-09] reading ticks …
13:10:36  INFO     [2016-09] 8,956,960 ticks → building bars …
13:10:37  INFO     [2016-09] → 8,956 bars
13:10:37  INFO     [2016-09] SAVED  cumulative=50,614 rows  (ok=17 skip=0 err=4)
13:10:37  INFO     [2016-10] downloading/verifying cache …
13:13:10  INFO     [2016-10] reading ticks …
13:13:19  INFO     [2016-10] 6,039,068 ticks → building bars …
13:13:19  INFO     [2016-10] → 6,039 bars
13:13:19  INFO     [2016-10] SAVED  cumulative=56,653 rows  (ok=18 skip=0 err=4)
13:13:19  INFO     [2016-11] downloading/verifying cache …
13:15:47  INFO     [2016-11] reading ticks …
13:15:53  INFO     [2016-11] 2,217,336 ticks → building bars …
13:15:54  INFO     [2016-11] → 2,217 bars
13:15:54  INFO     [2016-11] SAVED  cumulative=58,870 rows  (ok=19 skip=0 err=4)
13:15:54  INFO     [2016-12] downloading/verifying cache …
13:18:26  INFO     [2016-12] reading ticks …
13:18:32  INFO     [2016-12] 1,906,716 ticks → building bars …
13:18:33  INFO     [2016-12] → 1,906 bars
13:18:33  INFO     [2016-12] SAVED  cumulative=60,776 rows  (ok=20 skip=0 err=4)
13:18:33  INFO     [2017-01] downloading/verifying cache …
13:22:33  ERROR    [2017-01] ERROR: Max retries (3) exceeded for URL: https://datafeed.dukascopy.com/datafeed/EURUSD/2017/00/01/00h_ticks.bi5 — skipping
13:22:33  INFO     [2017-02] downloading/verifying cache …
13:24:51  INFO     [2017-02] reading ticks …
13:24:56  INFO     [2017-02] 1,717,211 ticks → building bars …
13:24:57  INFO     [2017-02] → 1,717 bars
13:24:57  INFO     [2017-02] SAVED  cumulative=62,493 rows  (ok=21 skip=0 err=5)
13:24:57  INFO     [2017-03] downloading/verifying cache …
13:27:29  INFO     [2017-03] reading ticks …
13:27:36  INFO     [2017-03] 1,958,022 ticks → building bars …
13:27:36  INFO     [2017-03] → 1,958 bars
13:27:36  INFO     [2017-03] SAVED  cumulative=64,451 rows  (ok=22 skip=0 err=5)
13:27:36  INFO     [2017-04] downloading/verifying cache …
13:31:36  ERROR    [2017-04] ERROR: Max retries (3) exceeded for URL: https://datafeed.dukascopy.com/datafeed/EURUSD/2017/03/01/00h_ticks.bi5 — skipping
13:31:36  INFO     [2017-05] downloading/verifying cache …
13:34:08  INFO     [2017-05] reading ticks …
13:34:15  INFO     [2017-05] 1,677,133 ticks → building bars …
13:34:16  INFO     [2017-05] → 1,677 bars
13:34:16  INFO     [2017-05] SAVED  cumulative=66,128 rows  (ok=23 skip=0 err=6)
13:34:16  INFO     [2017-06] downloading/verifying cache …
13:36:43  INFO     [2017-06] reading ticks …
13:36:50  INFO     [2017-06] 1,733,900 ticks → building bars …
13:36:51  INFO     [2017-06] → 1,733 bars
13:36:51  INFO     [2017-06] SAVED  cumulative=67,861 rows  (ok=24 skip=0 err=6)
13:36:51  INFO     [2017-07] downloading/verifying cache …
13:39:23  INFO     [2017-07] reading ticks …
13:39:30  INFO     [2017-07] 1,854,513 ticks → building bars …
13:39:30  INFO     [2017-07] → 1,854 bars
13:39:30  INFO     [2017-07] SAVED  cumulative=69,715 rows  (ok=25 skip=0 err=6)
13:39:30  INFO     [2017-08] downloading/verifying cache …
13:42:03  INFO     [2017-08] reading ticks …
13:42:11  INFO     [2017-08] 2,089,222 ticks → building bars …
13:42:11  INFO     [2017-08] → 2,089 bars
13:42:11  INFO     [2017-08] SAVED  cumulative=71,804 rows  (ok=26 skip=0 err=6)
13:42:11  INFO     [2017-09] downloading/verifying cache …
13:44:38  INFO     [2017-09] reading ticks …
13:44:47  INFO     [2017-09] 2,077,513 ticks → building bars …
13:44:47  INFO     [2017-09] → 2,077 bars
13:44:47  INFO     [2017-09] SAVED  cumulative=73,881 rows  (ok=27 skip=0 err=6)
13:44:47  INFO     [2017-10] downloading/verifying cache …
13:47:19  INFO     [2017-10] reading ticks …
13:47:22  INFO     [2017-10] 1,802,821 ticks → building bars …
13:47:22  INFO     [2017-10] → 1,802 bars
13:47:22  INFO     [2017-10] SAVED  cumulative=75,683 rows  (ok=28 skip=0 err=6)
13:47:22  INFO     [2017-11] downloading/verifying cache …
13:49:49  INFO     [2017-11] reading ticks …
13:49:56  INFO     [2017-11] 1,698,014 ticks → building bars …
13:49:56  INFO     [2017-11] → 1,698 bars
13:49:56  INFO     [2017-11] SAVED  cumulative=77,381 rows  (ok=29 skip=0 err=6)
13:49:56  INFO     [2017-12] downloading/verifying cache …
13:52:29  INFO     [2017-12] reading ticks …
13:52:35  INFO     [2017-12] 1,606,578 ticks → building bars …
13:52:35  INFO     [2017-12] → 1,606 bars
13:52:36  INFO     [2017-12] SAVED  cumulative=78,987 rows  (ok=30 skip=0 err=6)
13:52:36  INFO     [2018-01] downloading/verifying cache …
13:55:08  INFO     [2018-01] reading ticks …
13:55:12  INFO     [2018-01] 2,316,778 ticks → building bars …
13:55:12  INFO     [2018-01] → 2,316 bars
13:55:12  INFO     [2018-01] SAVED  cumulative=81,303 rows  (ok=31 skip=0 err=6)
13:55:12  INFO     [2018-02] downloading/verifying cache …
13:57:30  INFO     [2018-02] reading ticks …
13:57:37  INFO     [2018-02] 2,303,292 ticks → building bars …
13:57:37  INFO     [2018-02] → 2,303 bars
13:57:37  INFO     [2018-02] SAVED  cumulative=83,606 rows  (ok=32 skip=0 err=6)
13:57:37  INFO     [2018-03] downloading/verifying cache …
14:00:09  INFO     [2018-03] reading ticks …
14:00:16  INFO     [2018-03] 2,118,104 ticks → building bars …
14:00:17  INFO     [2018-03] → 2,118 bars
14:00:17  INFO     [2018-03] SAVED  cumulative=85,724 rows  (ok=33 skip=0 err=6)
14:00:17  INFO     [2018-04] downloading/verifying cache …
14:02:44  INFO     [2018-04] reading ticks …
14:02:51  INFO     [2018-04] 1,901,402 ticks → building bars …
14:02:51  INFO     [2018-04] → 1,901 bars
14:02:51  INFO     [2018-04] SAVED  cumulative=87,625 rows  (ok=34 skip=0 err=6)
14:02:51  INFO     [2018-05] downloading/verifying cache …
14:05:24  INFO     [2018-05] reading ticks …
14:05:31  INFO     [2018-05] 2,361,140 ticks → building bars …
14:05:32  INFO     [2018-05] → 2,361 bars
14:05:32  INFO     [2018-05] SAVED  cumulative=89,986 rows  (ok=35 skip=0 err=6)
14:05:32  INFO     [2018-06] downloading/verifying cache …
14:07:59  INFO     [2018-06] reading ticks …
14:08:06  INFO     [2018-06] 2,153,217 ticks → building bars …
14:08:06  INFO     [2018-06] → 2,153 bars
14:08:06  INFO     [2018-06] SAVED  cumulative=92,139 rows  (ok=36 skip=0 err=6)
14:08:06  INFO     [2018-07] downloading/verifying cache …
14:10:38  INFO     [2018-07] reading ticks …
14:10:46  INFO     [2018-07] 2,137,676 ticks → building bars …
14:10:46  INFO     [2018-07] → 2,137 bars
14:10:46  INFO     [2018-07] SAVED  cumulative=94,276 rows  (ok=37 skip=0 err=6)
14:10:46  INFO     [2018-08] downloading/verifying cache …
14:13:18  INFO     [2018-08] reading ticks …
14:13:25  INFO     [2018-08] 2,107,850 ticks → building bars …
14:13:25  INFO     [2018-08] → 2,107 bars
14:13:25  INFO     [2018-08] SAVED  cumulative=96,383 rows  (ok=38 skip=0 err=6)
14:13:25  INFO     [2018-09] downloading/verifying cache …
14:15:53  INFO     [2018-09] reading ticks …
14:15:59  INFO     [2018-09] 1,728,616 ticks → building bars …
14:15:59  INFO     [2018-09] → 1,728 bars
14:15:59  INFO     [2018-09] SAVED  cumulative=98,111 rows  (ok=39 skip=0 err=6)
14:15:59  INFO     [2018-10] downloading/verifying cache …
14:19:59  ERROR    [2018-10] ERROR: Max retries (3) exceeded for URL: https://datafeed.dukascopy.com/datafeed/EURUSD/2018/09/01/00h_ticks.bi5 — skipping
14:19:59  INFO     [2018-11] downloading/verifying cache …
14:22:27  INFO     [2018-11] reading ticks …
14:22:34  INFO     [2018-11] 2,173,445 ticks → building bars …
14:22:34  INFO     [2018-11] → 2,173 bars
14:22:34  INFO     [2018-11] SAVED  cumulative=100,284 rows  (ok=40 skip=0 err=7)
14:22:34  INFO     [2018-12] downloading/verifying cache …
14:25:06  INFO     [2018-12] reading ticks …
14:25:12  INFO     [2018-12] 2,538,134 ticks → building bars …
14:25:12  INFO     [2018-12] → 2,538 bars
14:25:13  INFO     [2018-12] SAVED  cumulative=102,822 rows  (ok=41 skip=0 err=7)
14:25:13  INFO     [2019-01] downloading/verifying cache …
14:27:45  INFO     [2019-01] reading ticks …
14:27:52  INFO     [2019-01] 3,477,158 ticks → building bars …
14:27:52  INFO     [2019-01] → 3,477 bars
14:27:52  INFO     [2019-01] SAVED  cumulative=106,299 rows  (ok=42 skip=0 err=7)
14:27:52  INFO     [2019-02] downloading/verifying cache …
14:30:10  INFO     [2019-02] reading ticks …
14:30:17  INFO     [2019-02] 2,740,371 ticks → building bars …
14:30:17  INFO     [2019-02] → 2,740 bars
14:30:17  INFO     [2019-02] SAVED  cumulative=109,039 rows  (ok=43 skip=0 err=7)
14:30:17  INFO     [2019-03] downloading/verifying cache …
14:34:17  ERROR    [2019-03] ERROR: Max retries (3) exceeded for URL: https://datafeed.dukascopy.com/datafeed/EURUSD/2019/02/01/00h_ticks.bi5 — skipping
14:34:17  INFO     [2019-04] downloading/verifying cache …
14:36:45  INFO     [2019-04] reading ticks …
14:36:52  INFO     [2019-04] 2,723,929 ticks → building bars …
14:36:52  INFO     [2019-04] → 2,723 bars
14:36:52  INFO     [2019-04] SAVED  cumulative=111,762 rows  (ok=44 skip=0 err=8)
14:36:52  INFO     [2019-05] downloading/verifying cache …
14:39:24  INFO     [2019-05] reading ticks …
14:39:32  INFO     [2019-05] 2,522,998 ticks → building bars …
14:39:32  INFO     [2019-05] → 2,522 bars
14:39:32  INFO     [2019-05] SAVED  cumulative=114,284 rows  (ok=45 skip=0 err=8)
14:39:32  INFO     [2019-06] downloading/verifying cache …
14:41:59  INFO     [2019-06] reading ticks …
14:42:06  INFO     [2019-06] 2,460,307 ticks → building bars …
14:42:06  INFO     [2019-06] → 2,460 bars
14:42:06  INFO     [2019-06] SAVED  cumulative=116,744 rows  (ok=46 skip=0 err=8)
14:42:06  INFO     [2019-07] downloading/verifying cache …
14:44:39  INFO     [2019-07] reading ticks …
14:44:46  INFO     [2019-07] 2,277,048 ticks → building bars …
14:44:46  INFO     [2019-07] → 2,277 bars
14:44:46  INFO     [2019-07] SAVED  cumulative=119,021 rows  (ok=47 skip=0 err=8)
14:44:46  INFO     [2019-08] downloading/verifying cache …
14:47:18  INFO     [2019-08] reading ticks …
14:47:25  INFO     [2019-08] 2,795,728 ticks → building bars …
14:47:25  INFO     [2019-08] → 2,795 bars
14:47:25  INFO     [2019-08] SAVED  cumulative=121,816 rows  (ok=48 skip=0 err=8)
14:47:25  INFO     [2019-09] downloading/verifying cache …
14:50:07  INFO     [2019-09] reading ticks …
14:50:13  INFO     [2019-09] 2,001,917 ticks → building bars …
14:50:14  INFO     [2019-09] → 2,001 bars
14:50:14  INFO     [2019-09] SAVED  cumulative=123,817 rows  (ok=49 skip=0 err=8)
14:50:14  INFO     [2019-10] downloading/verifying cache …
14:52:47  INFO     [2019-10] reading ticks …
14:52:53  INFO     [2019-10] 2,272,662 ticks → building bars …
14:52:54  INFO     [2019-10] → 2,272 bars
14:52:54  INFO     [2019-10] SAVED  cumulative=126,089 rows  (ok=50 skip=0 err=8)
14:52:54  INFO     [2019-11] downloading/verifying cache …
14:56:54  ERROR    [2019-11] ERROR: Max retries (3) exceeded for URL: https://datafeed.dukascopy.com/datafeed/EURUSD/2019/10/01/00h_ticks.bi5 — skipping
14:56:54  INFO     [2019-12] downloading/verifying cache …
14:59:26  INFO     [2019-12] reading ticks …
14:59:32  INFO     [2019-12] 1,621,927 ticks → building bars …
14:59:33  INFO     [2019-12] → 1,621 bars
14:59:33  INFO     [2019-12] SAVED  cumulative=127,710 rows  (ok=51 skip=0 err=9)
14:59:33  INFO     [2020-01] downloading/verifying cache …
15:02:05  INFO     [2020-01] reading ticks …
15:02:12  INFO     [2020-01] 1,637,760 ticks → building bars …
15:02:12  INFO     [2020-01] → 1,637 bars
15:02:12  INFO     [2020-01] SAVED  cumulative=129,347 rows  (ok=52 skip=0 err=9)
15:02:12  INFO     [2020-02] downloading/verifying cache …
15:04:35  INFO     [2020-02] reading ticks …
15:04:41  INFO     [2020-02] 1,562,097 ticks → building bars …
15:04:41  INFO     [2020-02] → 1,562 bars
15:04:41  INFO     [2020-02] SAVED  cumulative=130,909 rows  (ok=53 skip=0 err=9)
15:04:41  INFO     [2020-03] downloading/verifying cache …
15:07:13  INFO     [2020-03] reading ticks …
15:07:22  INFO     [2020-03] 5,709,997 ticks → building bars …
15:07:22  INFO     [2020-03] → 5,709 bars
15:07:22  INFO     [2020-03] SAVED  cumulative=136,618 rows  (ok=54 skip=0 err=9)
15:07:22  INFO     [2020-04] downloading/verifying cache …
15:09:50  INFO     [2020-04] reading ticks …
15:09:58  INFO     [2020-04] 2,696,730 ticks → building bars …
15:09:58  INFO     [2020-04] → 2,696 bars
15:09:58  INFO     [2020-04] SAVED  cumulative=139,314 rows  (ok=55 skip=0 err=9)
15:09:58  INFO     [2020-05] downloading/verifying cache …
15:12:30  INFO     [2020-05] reading ticks …
15:12:37  INFO     [2020-05] 2,037,924 ticks → building bars …
15:12:37  INFO     [2020-05] → 2,037 bars
15:12:37  INFO     [2020-05] SAVED  cumulative=141,351 rows  (ok=56 skip=0 err=9)
15:12:37  INFO     [2020-06] downloading/verifying cache …
15:15:05  INFO     [2020-06] reading ticks …
15:15:12  INFO     [2020-06] 2,941,544 ticks → building bars …
15:15:12  INFO     [2020-06] → 2,941 bars
15:15:12  INFO     [2020-06] SAVED  cumulative=144,292 rows  (ok=57 skip=0 err=9)
15:15:12  INFO     [2020-07] downloading/verifying cache …
15:17:44  INFO     [2020-07] reading ticks …
15:17:52  INFO     [2020-07] 2,749,083 ticks → building bars …
15:17:52  INFO     [2020-07] → 2,749 bars
15:17:52  INFO     [2020-07] SAVED  cumulative=147,041 rows  (ok=58 skip=0 err=9)
15:17:52  INFO     [2020-08] downloading/verifying cache …
15:20:24  INFO     [2020-08] reading ticks …
15:20:31  INFO     [2020-08] 2,708,982 ticks → building bars …
15:20:31  INFO     [2020-08] → 2,708 bars
15:20:32  INFO     [2020-08] SAVED  cumulative=149,749 rows  (ok=59 skip=0 err=9)
15:20:32  INFO     [2020-09] downloading/verifying cache …
15:22:59  INFO     [2020-09] reading ticks …
15:23:07  INFO     [2020-09] 3,314,513 ticks → building bars …
15:23:07  INFO     [2020-09] → 3,314 bars
15:23:07  INFO     [2020-09] SAVED  cumulative=153,063 rows  (ok=60 skip=0 err=9)
15:23:07  INFO     [2020-10] downloading/verifying cache …
15:25:39  INFO     [2020-10] reading ticks …
15:25:47  INFO     [2020-10] 2,894,519 ticks → building bars …
15:25:47  INFO     [2020-10] → 2,894 bars
15:25:47  INFO     [2020-10] SAVED  cumulative=155,957 rows  (ok=61 skip=0 err=9)
15:25:47  INFO     [2020-11] downloading/verifying cache …
15:28:15  INFO     [2020-11] reading ticks …
15:28:21  INFO     [2020-11] 2,447,318 ticks → building bars …
15:28:21  INFO     [2020-11] → 2,447 bars
15:28:22  INFO     [2020-11] SAVED  cumulative=158,404 rows  (ok=62 skip=0 err=9)
15:28:22  INFO     [2020-12] downloading/verifying cache …
15:32:22  ERROR    [2020-12] ERROR: Max retries (3) exceeded for URL: https://datafeed.dukascopy.com/datafeed/EURUSD/2020/11/01/00h_ticks.bi5 — skipping
15:32:22  INFO     [2021-01] downloading/verifying cache …
15:34:54  INFO     [2021-01] reading ticks …
15:35:00  INFO     [2021-01] 1,931,111 ticks → building bars …
15:35:00  INFO     [2021-01] → 1,931 bars
15:35:01  INFO     [2021-01] SAVED  cumulative=160,335 rows  (ok=63 skip=0 err=10)
15:35:01  INFO     [2021-02] downloading/verifying cache …
15:37:19  INFO     [2021-02] reading ticks …
15:37:24  INFO     [2021-02] 1,591,865 ticks → building bars …
15:37:25  INFO     [2021-02] → 1,591 bars
15:37:25  INFO     [2021-02] SAVED  cumulative=161,926 rows  (ok=64 skip=0 err=10)
15:37:25  INFO     [2021-03] downloading/verifying cache …
15:39:57  INFO     [2021-03] reading ticks …
15:40:04  INFO     [2021-03] 1,879,406 ticks → building bars …
15:40:04  INFO     [2021-03] → 1,879 bars
15:40:05  INFO     [2021-03] SAVED  cumulative=163,805 rows  (ok=65 skip=0 err=10)
15:40:05  INFO     [2021-04] downloading/verifying cache …
15:42:32  INFO     [2021-04] reading ticks …
15:42:39  INFO     [2021-04] 1,194,166 ticks → building bars …
15:42:39  INFO     [2021-04] → 1,194 bars
15:42:40  INFO     [2021-04] SAVED  cumulative=164,999 rows  (ok=66 skip=0 err=10)
15:42:40  INFO     [2021-05] downloading/verifying cache …
15:45:12  INFO     [2021-05] reading ticks …
15:45:18  INFO     [2021-05] 1,324,436 ticks → building bars …
15:45:18  INFO     [2021-05] → 1,324 bars
15:45:18  INFO     [2021-05] SAVED  cumulative=166,323 rows  (ok=67 skip=0 err=10)
15:45:18  INFO     [2021-06] downloading/verifying cache …
15:47:46  INFO     [2021-06] reading ticks …
15:47:53  INFO     [2021-06] 1,299,869 ticks → building bars …
15:47:53  INFO     [2021-06] → 1,299 bars
15:47:53  INFO     [2021-06] SAVED  cumulative=167,622 rows  (ok=68 skip=0 err=10)
15:47:53  INFO     [2021-07] downloading/verifying cache …
15:50:25  INFO     [2021-07] reading ticks …
15:50:32  INFO     [2021-07] 1,342,684 ticks → building bars …
15:50:32  INFO     [2021-07] → 1,342 bars
15:50:32  INFO     [2021-07] SAVED  cumulative=168,964 rows  (ok=69 skip=0 err=10)
15:50:32  INFO     [2021-08] downloading/verifying cache …
15:53:04  INFO     [2021-08] reading ticks …
15:53:10  INFO     [2021-08] 953,698 ticks → building bars …
15:53:10  INFO     [2021-08] → 953 bars
15:53:11  INFO     [2021-08] SAVED  cumulative=169,917 rows  (ok=70 skip=0 err=10)
15:53:11  INFO     [2021-09] downloading/verifying cache …
15:55:38  INFO     [2021-09] reading ticks …
15:55:45  INFO     [2021-09] 1,226,796 ticks → building bars …
15:55:45  INFO     [2021-09] → 1,226 bars
15:55:45  INFO     [2021-09] SAVED  cumulative=171,143 rows  (ok=71 skip=0 err=10)
15:55:45  INFO     [2021-10] downloading/verifying cache …
15:58:17  INFO     [2021-10] reading ticks …
15:58:23  INFO     [2021-10] 1,155,325 ticks → building bars …
15:58:23  INFO     [2021-10] → 1,155 bars
15:58:24  INFO     [2021-10] SAVED  cumulative=172,298 rows  (ok=72 skip=0 err=10)
15:58:24  INFO     [2021-11] downloading/verifying cache …
16:00:51  INFO     [2021-11] reading ticks …
16:00:57  INFO     [2021-11] 1,493,555 ticks → building bars …
16:00:58  INFO     [2021-11] → 1,493 bars
16:00:58  INFO     [2021-11] SAVED  cumulative=173,791 rows  (ok=73 skip=0 err=10)
16:00:58  INFO     [2021-12] downloading/verifying cache …
16:04:58  ERROR    [2021-12] ERROR: Max retries (3) exceeded for URL: https://datafeed.dukascopy.com/datafeed/EURUSD/2021/11/01/00h_ticks.bi5 — skipping
16:04:58  INFO     [2022-01] downloading/verifying cache …
16:07:30  INFO     [2022-01] reading ticks …
16:07:36  INFO     [2022-01] 1,398,880 ticks → building bars …
16:07:36  INFO     [2022-01] → 1,398 bars
16:07:36  INFO     [2022-01] SAVED  cumulative=175,189 rows  (ok=74 skip=0 err=11)
16:07:36  INFO     [2022-02] downloading/verifying cache …
16:11:36  ERROR    [2022-02] ERROR: Max retries (3) exceeded for URL: https://datafeed.dukascopy.com/datafeed/EURUSD/2022/01/01/00h_ticks.bi5 — skipping
16:11:36  INFO     [2022-03] downloading/verifying cache …
16:14:08  INFO     [2022-03] reading ticks …
16:14:15  INFO     [2022-03] 2,702,726 ticks → building bars …
16:14:16  INFO     [2022-03] → 2,702 bars
16:14:16  INFO     [2022-03] SAVED  cumulative=177,891 rows  (ok=75 skip=0 err=12)
16:14:16  INFO     [2022-04] downloading/verifying cache …
16:16:43  INFO     [2022-04] reading ticks …
16:16:50  INFO     [2022-04] 2,083,732 ticks → building bars …
16:16:51  INFO     [2022-04] → 2,083 bars
16:16:51  INFO     [2022-04] SAVED  cumulative=179,974 rows  (ok=76 skip=0 err=12)
16:16:51  INFO     [2022-05] downloading/verifying cache …
16:19:23  INFO     [2022-05] reading ticks …
16:19:30  INFO     [2022-05] 2,632,575 ticks → building bars …
16:19:30  INFO     [2022-05] → 2,632 bars
16:19:30  INFO     [2022-05] SAVED  cumulative=182,606 rows  (ok=77 skip=0 err=12)
16:19:30  INFO     [2022-06] downloading/verifying cache …
16:21:57  INFO     [2022-06] reading ticks …
16:22:04  INFO     [2022-06] 2,531,960 ticks → building bars …
16:22:05  INFO     [2022-06] → 2,531 bars
16:22:05  INFO     [2022-06] SAVED  cumulative=185,137 rows  (ok=78 skip=0 err=12)
16:22:05  INFO     [2022-07] downloading/verifying cache …
16:24:37  INFO     [2022-07] reading ticks …
16:24:44  INFO     [2022-07] 2,980,809 ticks → building bars …
16:24:44  INFO     [2022-07] → 2,980 bars
16:24:45  INFO     [2022-07] SAVED  cumulative=188,117 rows  (ok=79 skip=0 err=12)
16:24:45  INFO     [2022-08] downloading/verifying cache …
16:27:17  INFO     [2022-08] reading ticks …
16:27:24  INFO     [2022-08] 3,545,533 ticks → building bars …
16:27:25  INFO     [2022-08] → 3,545 bars
16:27:25  INFO     [2022-08] SAVED  cumulative=191,662 rows  (ok=80 skip=0 err=12)
16:27:25  INFO     [2022-09] downloading/verifying cache …
16:29:52  INFO     [2022-09] reading ticks …
16:30:00  INFO     [2022-09] 4,515,409 ticks → building bars …
16:30:00  INFO     [2022-09] → 4,515 bars
16:30:00  INFO     [2022-09] SAVED  cumulative=196,177 rows  (ok=81 skip=0 err=12)
16:30:00  INFO     [2022-10] downloading/verifying cache …
16:32:32  INFO     [2022-10] reading ticks …
16:32:40  INFO     [2022-10] 4,858,258 ticks → building bars …
16:32:40  INFO     [2022-10] → 4,858 bars
16:32:40  INFO     [2022-10] SAVED  cumulative=201,035 rows  (ok=82 skip=0 err=12)
16:32:40  INFO     [2022-11] downloading/verifying cache …
16:36:40  ERROR    [2022-11] ERROR: Max retries (3) exceeded for URL: https://datafeed.dukascopy.com/datafeed/EURUSD/2022/10/01/00h_ticks.bi5 — skipping
16:36:40  INFO     [2022-12] downloading/verifying cache …
16:40:40  ERROR    [2022-12] ERROR: Max retries (3) exceeded for URL: https://datafeed.dukascopy.com/datafeed/EURUSD/2022/11/01/00h_ticks.bi5 — skipping
16:40:40  INFO     [2023-01] downloading/verifying cache …
16:43:13  INFO     [2023-01] reading ticks …
16:43:19  INFO     [2023-01] 2,971,538 ticks → building bars …
16:43:20  INFO     [2023-01] → 2,971 bars
16:43:20  INFO     [2023-01] SAVED  cumulative=204,006 rows  (ok=83 skip=0 err=14)
16:43:20  INFO     [2023-02] downloading/verifying cache …
16:45:37  INFO     [2023-02] reading ticks …
16:45:44  INFO     [2023-02] 2,687,210 ticks → building bars …
16:45:44  INFO     [2023-02] → 2,687 bars
16:45:44  INFO     [2023-02] SAVED  cumulative=206,693 rows  (ok=84 skip=0 err=14)
16:45:44  INFO     [2023-03] downloading/verifying cache …
16:48:16  INFO     [2023-03] reading ticks …
16:48:23  INFO     [2023-03] 3,380,023 ticks → building bars …
16:48:24  INFO     [2023-03] → 3,380 bars
16:48:24  INFO     [2023-03] SAVED  cumulative=210,073 rows  (ok=85 skip=0 err=14)
16:48:24  INFO     [2023-04] downloading/verifying cache …
16:50:51  INFO     [2023-04] reading ticks …
16:50:57  INFO     [2023-04] 1,881,558 ticks → building bars …
16:50:57  INFO     [2023-04] → 1,881 bars
16:50:58  INFO     [2023-04] SAVED  cumulative=211,954 rows  (ok=86 skip=0 err=14)
16:50:58  INFO     [2023-05] downloading/verifying cache …
16:53:30  INFO     [2023-05] reading ticks …
16:53:37  INFO     [2023-05] 2,236,715 ticks → building bars …
16:53:37  INFO     [2023-05] → 2,236 bars
16:53:37  INFO     [2023-05] SAVED  cumulative=214,190 rows  (ok=87 skip=0 err=14)
16:53:37  INFO     [2023-06] downloading/verifying cache …
16:57:37  ERROR    [2023-06] ERROR: Max retries (3) exceeded for URL: https://datafeed.dukascopy.com/datafeed/EURUSD/2023/05/01/00h_ticks.bi5 — skipping
16:57:37  INFO     [2023-07] downloading/verifying cache …
17:00:09  INFO     [2023-07] reading ticks …
17:00:16  INFO     [2023-07] 2,114,339 ticks → building bars …
17:00:16  INFO     [2023-07] → 2,114 bars
17:00:16  INFO     [2023-07] SAVED  cumulative=216,304 rows  (ok=88 skip=0 err=15)
17:00:16  INFO     [2023-08] downloading/verifying cache …
17:02:49  INFO     [2023-08] reading ticks …
17:02:56  INFO     [2023-08] 2,238,800 ticks → building bars …
17:02:56  INFO     [2023-08] → 2,238 bars
17:02:57  INFO     [2023-08] SAVED  cumulative=218,542 rows  (ok=89 skip=0 err=15)
17:02:57  INFO     [2023-09] downloading/verifying cache …
17:05:24  INFO     [2023-09] reading ticks …
17:05:30  INFO     [2023-09] 1,730,224 ticks → building bars …
17:05:30  INFO     [2023-09] → 1,730 bars
17:05:30  INFO     [2023-09] SAVED  cumulative=220,272 rows  (ok=90 skip=0 err=15)
17:05:30  INFO     [2023-10] downloading/verifying cache …
17:08:03  INFO     [2023-10] reading ticks …
17:08:09  INFO     [2023-10] 2,199,266 ticks → building bars …
17:08:09  INFO     [2023-10] → 2,199 bars
17:08:10  INFO     [2023-10] SAVED  cumulative=222,471 rows  (ok=91 skip=0 err=15)
17:08:10  INFO     [2023-11] downloading/verifying cache …
17:10:37  INFO     [2023-11] reading ticks …
17:10:43  INFO     [2023-11] 1,940,625 ticks → building bars …
17:10:44  INFO     [2023-11] → 1,940 bars
17:10:44  INFO     [2023-11] SAVED  cumulative=224,411 rows  (ok=92 skip=0 err=15)
17:10:44  INFO     [2023-12] downloading/verifying cache …
17:14:44  ERROR    [2023-12] ERROR: Max retries (3) exceeded for URL: https://datafeed.dukascopy.com/datafeed/EURUSD/2023/11/01/00h_ticks.bi5 — skipping
17:14:44  INFO     [2024-01] downloading/verifying cache …
17:17:11  INFO     [2024-01] reading ticks …
17:17:18  INFO     [2024-01] 2,173,021 ticks → building bars …
17:17:18  INFO     [2024-01] → 2,173 bars
17:17:18  INFO     [2024-01] SAVED  cumulative=226,584 rows  (ok=93 skip=0 err=16)
17:17:18  INFO     [2024-02] downloading/verifying cache …
17:19:41  INFO     [2024-02] reading ticks …
17:19:47  INFO     [2024-02] 1,709,485 ticks → building bars …
17:19:47  INFO     [2024-02] → 1,709 bars
17:19:47  INFO     [2024-02] SAVED  cumulative=228,293 rows  (ok=94 skip=0 err=16)
17:19:47  INFO     [2024-03] downloading/verifying cache …
17:23:47  ERROR    [2024-03] ERROR: Max retries (3) exceeded for URL: https://datafeed.dukascopy.com/datafeed/EURUSD/2024/02/01/00h_ticks.bi5 — skipping
17:23:47  INFO     [2024-04] downloading/verifying cache …
17:26:15  INFO     [2024-04] reading ticks …
17:26:21  INFO     [2024-04] 1,563,493 ticks → building bars …
17:26:22  INFO     [2024-04] → 1,563 bars
17:26:22  INFO     [2024-04] SAVED  cumulative=229,856 rows  (ok=95 skip=0 err=17)
17:26:22  INFO     [2024-05] downloading/verifying cache …
17:28:54  INFO     [2024-05] reading ticks …
17:29:01  INFO     [2024-05] 1,244,928 ticks → building bars …
17:29:01  INFO     [2024-05] → 1,244 bars
17:29:01  INFO     [2024-05] SAVED  cumulative=231,100 rows  (ok=96 skip=0 err=17)
17:29:01  INFO     [2024-06] downloading/verifying cache …
17:31:28  INFO     [2024-06] reading ticks …
17:31:34  INFO     [2024-06] 1,334,494 ticks → building bars …
17:31:34  INFO     [2024-06] → 1,334 bars
17:31:34  INFO     [2024-06] SAVED  cumulative=232,434 rows  (ok=97 skip=0 err=17)
17:31:34  INFO     [2024-07] downloading/verifying cache …
17:34:07  INFO     [2024-07] reading ticks …
17:34:14  INFO     [2024-07] 1,463,333 ticks → building bars …
17:34:14  INFO     [2024-07] → 1,463 bars
17:34:14  INFO     [2024-07] SAVED  cumulative=233,897 rows  (ok=98 skip=0 err=17)
17:34:14  INFO     [2024-08] downloading/verifying cache …
17:36:46  INFO     [2024-08] reading ticks …
17:36:53  INFO     [2024-08] 1,850,658 ticks → building bars …
17:36:53  INFO     [2024-08] → 1,850 bars
17:36:53  INFO     [2024-08] SAVED  cumulative=235,747 rows  (ok=99 skip=0 err=17)
17:36:53  INFO     [2024-09] downloading/verifying cache …
17:39:20  INFO     [2024-09] reading ticks …
17:39:27  INFO     [2024-09] 1,797,377 ticks → building bars …
17:39:27  INFO     [2024-09] → 1,797 bars
17:39:27  INFO     [2024-09] SAVED  cumulative=237,544 rows  (ok=100 skip=0 err=17)
17:39:27  INFO     [2024-10] downloading/verifying cache …
17:41:59  INFO     [2024-10] reading ticks …
17:42:06  INFO     [2024-10] 1,769,081 ticks → building bars …
17:42:06  INFO     [2024-10] → 1,769 bars
17:42:06  INFO     [2024-10] SAVED  cumulative=239,313 rows  (ok=101 skip=0 err=17)
17:42:06  INFO     [2024-11] downloading/verifying cache …
17:44:34  INFO     [2024-11] reading ticks …
17:44:40  INFO     [2024-11] 2,323,977 ticks → building bars …
17:44:40  INFO     [2024-11] → 2,323 bars
17:44:40  INFO     [2024-11] SAVED  cumulative=241,636 rows  (ok=102 skip=0 err=17)
17:44:40  INFO     [2024-12] downloading/verifying cache …
17:48:40  ERROR    [2024-12] ERROR: Max retries (3) exceeded for URL: https://datafeed.dukascopy.com/datafeed/EURUSD/2024/11/01/00h_ticks.bi5 — skipping
17:48:40  INFO     [2025-01] downloading/verifying cache …
17:51:13  INFO     [2025-01] reading ticks …
17:51:19  INFO     [2025-01] 2,283,239 ticks → building bars …
17:51:20  INFO     [2025-01] → 2,283 bars
17:51:20  INFO     [2025-01] SAVED  cumulative=243,919 rows  (ok=103 skip=0 err=18)
17:51:20  INFO     [2025-02] downloading/verifying cache …
17:53:37  INFO     [2025-02] reading ticks …
17:53:44  INFO     [2025-02] 2,053,257 ticks → building bars …
17:53:44  INFO     [2025-02] → 2,053 bars
17:53:44  INFO     [2025-02] SAVED  cumulative=245,972 rows  (ok=104 skip=0 err=18)
17:53:44  INFO     [2025-03] downloading/verifying cache …
17:56:16  INFO     [2025-03] reading ticks …
17:56:23  INFO     [2025-03] 2,347,029 ticks → building bars …
17:56:23  INFO     [2025-03] → 2,347 bars
17:56:23  INFO     [2025-03] SAVED  cumulative=248,319 rows  (ok=105 skip=0 err=18)
17:56:23  INFO     [2025-04] downloading/verifying cache …
17:58:51  INFO     [2025-04] reading ticks …
17:58:58  INFO     [2025-04] 3,915,597 ticks → building bars …
17:58:58  INFO     [2025-04] → 3,915 bars
17:58:58  INFO     [2025-04] SAVED  cumulative=252,234 rows  (ok=106 skip=0 err=18)
17:58:58  INFO     [2025-05] downloading/verifying cache …
18:01:31  INFO     [2025-05] reading ticks …
18:01:38  INFO     [2025-05] 2,423,219 ticks → building bars …
18:01:38  INFO     [2025-05] → 2,423 bars
18:01:38  INFO     [2025-05] SAVED  cumulative=254,657 rows  (ok=107 skip=0 err=18)
18:01:38  INFO     [2025-06] downloading/verifying cache …
18:04:05  INFO     [2025-06] reading ticks …
18:04:12  INFO     [2025-06] 2,033,530 ticks → building bars …
18:04:12  INFO     [2025-06] → 2,033 bars
18:04:12  INFO     [2025-06] SAVED  cumulative=256,690 rows  (ok=108 skip=0 err=18)
18:04:12  INFO     [2025-07] downloading/verifying cache …
18:06:45  INFO     [2025-07] reading ticks …
18:06:51  INFO     [2025-07] 1,558,153 ticks → building bars …
18:06:52  INFO     [2025-07] → 1,558 bars
18:06:52  INFO     [2025-07] SAVED  cumulative=258,248 rows  (ok=109 skip=0 err=18)
18:06:52  INFO     [2025-08] downloading/verifying cache …
18:09:24  INFO     [2025-08] reading ticks …
18:09:30  INFO     [2025-08] 1,341,789 ticks → building bars …
18:09:30  INFO     [2025-08] → 1,341 bars
18:09:31  INFO     [2025-08] SAVED  cumulative=259,589 rows  (ok=110 skip=0 err=18)
18:09:31  INFO     [2025-09] downloading/verifying cache …
18:11:58  INFO     [2025-09] reading ticks …
18:12:05  INFO     [2025-09] 1,493,853 ticks → building bars …
18:12:05  INFO     [2025-09] → 1,493 bars
18:12:05  INFO     [2025-09] SAVED  cumulative=261,082 rows  (ok=111 skip=0 err=18)
18:12:05  INFO     [2025-10] downloading/verifying cache …
18:16:05  ERROR    [2025-10] ERROR: Max retries (3) exceeded for URL: https://datafeed.dukascopy.com/datafeed/EURUSD/2025/09/01/14h_ticks.bi5 — skipping
18:16:05  INFO     [2025-11] downloading/verifying cache …
18:18:33  INFO     [2025-11] reading ticks …
18:18:38  INFO     [2025-11] 1,231,344 ticks → building bars …
18:18:38  INFO     [2025-11] → 1,231 bars
18:18:39  INFO     [2025-11] SAVED  cumulative=262,313 rows  (ok=112 skip=0 err=19)
18:18:39  INFO     [2025-12] downloading/verifying cache …
18:21:11  INFO     [2025-12] reading ticks …
18:21:17  INFO     [2025-12] 1,293,972 ticks → building bars …
18:21:17  INFO     [2025-12] → 1,293 bars
18:21:18  INFO     [2025-12] SAVED  cumulative=263,606 rows  (ok=113 skip=0 err=19)
18:21:18  INFO     ============================================================
18:21:18  INFO     DONE  ok=113  skipped=0  errors=19
18:21:18  INFO     Final parquet: 263,606 rows  2015-01-01 23:08:36.595000 → 2025-12-31 21:00:55.335000
18:21:18  INFO     ============================================================
18:44:31  INFO     ============================================================
18:44:31  INFO     build_tick_bars  EURUSD  1000t  2015–2026  timeout=240s/month
18:44:31  INFO     Output: C:\nautilus0\trading_system_v4\data\eurusd_1000t_bars.parquet
18:44:31  INFO     ============================================================
18:44:32  INFO     Existing parquet ends at 2025-12-31 — resuming from 2026-01
18:44:32  INFO     [2026-01] downloading/verifying cache …
18:47:05  INFO     [2026-01] reading ticks …
18:47:11  INFO     [2026-01] 1,506,296 ticks → building bars …
18:47:12  INFO     [2026-01] → 1,506 bars
18:47:12  INFO     [2026-01] SAVED  cumulative=265,112 rows  (ok=1 skip=0 err=0)
18:47:12  INFO     [2026-02] downloading/verifying cache …
18:49:30  INFO     [2026-02] reading ticks …
18:49:34  INFO     [2026-02] 1,112,528 ticks → building bars …
18:49:34  INFO     [2026-02] → 1,112 bars
18:49:35  INFO     [2026-02] SAVED  cumulative=266,224 rows  (ok=2 skip=0 err=0)
18:49:35  INFO     ============================================================
18:49:35  INFO     DONE  ok=2  skipped=0  errors=0
18:49:35  INFO     Final parquet: 266,224 rows  2015-01-01 23:08:36.595000 → 2026-02-24 01:47:32.003000
18:49:35  INFO     ============================================================
