14:56:33  INFO     ============================================================
14:56:33  INFO     build_tick_bars  XAUUSD  1000t  2015–2026  timeout=240s/month
14:56:33  INFO     Output: C:\nautilus0\trading_system_v4\data\xauusd_1000t_bars.parquet
14:56:33  INFO     ============================================================
14:56:33  INFO     [2015-01] downloading/verifying cache …
14:59:06  INFO     [2015-01] reading ticks …
14:59:12  INFO     [2015-01] 2,345,022 ticks → building bars …
14:59:12  INFO     [2015-01] → 2,345 bars
14:59:12  INFO     [2015-01] SAVED  cumulative=2,345 rows  (ok=1 skip=0 err=0)
14:59:12  INFO     [2015-02] downloading/verifying cache …
15:01:30  INFO     [2015-02] reading ticks …
15:01:33  INFO     [2015-02] 1,803,370 ticks → building bars …
15:01:33  INFO     [2015-02] → 1,803 bars
15:01:33  INFO     [2015-02] SAVED  cumulative=4,148 rows  (ok=2 skip=0 err=0)
15:01:33  INFO     [2015-03] downloading/verifying cache …
15:04:06  INFO     [2015-03] reading ticks …
15:04:13  INFO     [2015-03] 1,814,763 ticks → building bars …
15:04:13  INFO     [2015-03] → 1,814 bars
15:04:13  INFO     [2015-03] SAVED  cumulative=5,962 rows  (ok=3 skip=0 err=0)
15:04:13  INFO     [2015-04] downloading/verifying cache …
15:06:40  INFO     [2015-04] reading ticks …
15:06:47  INFO     [2015-04] 1,800,635 ticks → building bars …
15:06:47  INFO     [2015-04] → 1,800 bars
15:06:47  INFO     [2015-04] SAVED  cumulative=7,762 rows  (ok=4 skip=0 err=0)
15:06:47  INFO     [2015-05] downloading/verifying cache …
15:09:20  INFO     [2015-05] reading ticks …
15:09:26  INFO     [2015-05] 1,775,212 ticks → building bars …
15:09:26  INFO     [2015-05] → 1,775 bars
15:09:26  INFO     [2015-05] SAVED  cumulative=9,537 rows  (ok=5 skip=0 err=0)
15:09:26  INFO     [2015-06] downloading/verifying cache …
15:11:54  INFO     [2015-06] reading ticks …
15:11:56  INFO     [2015-06] 1,836,702 ticks → building bars …
15:11:56  INFO     [2015-06] → 1,836 bars
15:11:56  INFO     [2015-06] SAVED  cumulative=11,373 rows  (ok=6 skip=0 err=0)
15:11:56  INFO     [2015-07] downloading/verifying cache …
15:15:56  ERROR    [2015-07] ERROR: Max retries (3) exceeded for URL: https://datafeed.dukascopy.com/datafeed/XAUUSD/2015/06/01/00h_ticks.bi5 — skipping
15:15:56  INFO     [2015-08] downloading/verifying cache …
15:19:56  ERROR    [2015-08] ERROR: Unexpected exception while fetching URL: https://datafeed.dukascopy.com/datafeed/XAUUSD/2015/07/01/00h_ticks.bi5: RetryableError: Service temporarily unavailable (503) for URL: https://datafeed.dukascopy.com/datafeed/XAUUSD/2015/07/01/00h_ticks.bi5 — skipping
15:19:56  INFO     [2015-09] downloading/verifying cache …
15:22:24  INFO     [2015-09] reading ticks …
15:22:30  INFO     [2015-09] 2,088,600 ticks → building bars …
15:22:30  INFO     [2015-09] → 2,088 bars
15:22:30  INFO     [2015-09] SAVED  cumulative=13,461 rows  (ok=7 skip=0 err=2)
15:22:30  INFO     [2015-10] downloading/verifying cache …
15:25:03  INFO     [2015-10] reading ticks …
15:25:09  INFO     [2015-10] 2,519,916 ticks → building bars …
15:25:10  INFO     [2015-10] → 2,519 bars
15:25:10  INFO     [2015-10] SAVED  cumulative=15,980 rows  (ok=8 skip=0 err=2)
15:25:10  INFO     [2015-11] downloading/verifying cache …
15:27:37  INFO     [2015-11] reading ticks …
15:27:44  INFO     [2015-11] 2,290,427 ticks → building bars …
15:27:44  INFO     [2015-11] → 2,290 bars
15:27:44  INFO     [2015-11] SAVED  cumulative=18,270 rows  (ok=9 skip=0 err=2)
15:27:44  INFO     [2015-12] downloading/verifying cache …
15:30:17  INFO     [2015-12] reading ticks …
15:30:24  INFO     [2015-12] 2,874,227 ticks → building bars …
15:30:24  INFO     [2015-12] → 2,874 bars
15:30:24  INFO     [2015-12] SAVED  cumulative=21,144 rows  (ok=10 skip=0 err=2)
15:30:24  INFO     [2016-01] downloading/verifying cache …
15:33:20  INFO     [2016-01] reading ticks …
15:33:25  INFO     [2016-01] 2,986,932 ticks → building bars …
15:33:25  INFO     [2016-01] → 2,986 bars
15:33:25  INFO     [2016-01] SAVED  cumulative=24,130 rows  (ok=11 skip=0 err=2)
15:33:25  INFO     [2016-02] downloading/verifying cache …
15:35:48  INFO     [2016-02] reading ticks …
15:35:55  INFO     [2016-02] 4,012,952 ticks → building bars …
15:35:55  INFO     [2016-02] → 4,012 bars
15:35:55  INFO     [2016-02] SAVED  cumulative=28,142 rows  (ok=12 skip=0 err=2)
15:35:55  INFO     [2016-03] downloading/verifying cache …
15:38:28  INFO     [2016-03] reading ticks …
15:38:36  INFO     [2016-03] 4,370,002 ticks → building bars …
15:38:36  INFO     [2016-03] → 4,370 bars
15:38:36  INFO     [2016-03] SAVED  cumulative=32,512 rows  (ok=13 skip=0 err=2)
15:38:36  INFO     [2016-04] downloading/verifying cache …
15:41:04  INFO     [2016-04] reading ticks …
15:41:08  INFO     [2016-04] 4,105,206 ticks → building bars …
15:41:09  INFO     [2016-04] → 4,105 bars
15:41:09  INFO     [2016-04] SAVED  cumulative=36,617 rows  (ok=14 skip=0 err=2)
15:41:09  INFO     [2016-05] downloading/verifying cache …
15:45:09  ERROR    [2016-05] ERROR: Max retries (3) exceeded for URL: https://datafeed.dukascopy.com/datafeed/XAUUSD/2016/04/01/00h_ticks.bi5 — skipping
15:45:09  INFO     [2016-06] downloading/verifying cache …
15:47:36  INFO     [2016-06] reading ticks …
15:47:44  INFO     [2016-06] 3,800,896 ticks → building bars …
15:47:44  INFO     [2016-06] → 3,800 bars
15:47:44  INFO     [2016-06] SAVED  cumulative=40,417 rows  (ok=15 skip=0 err=3)
15:47:44  INFO     [2016-07] downloading/verifying cache …
15:50:17  INFO     [2016-07] reading ticks …
15:50:24  INFO     [2016-07] 3,984,621 ticks → building bars …
15:50:25  INFO     [2016-07] → 3,984 bars
15:50:25  INFO     [2016-07] SAVED  cumulative=44,401 rows  (ok=16 skip=0 err=3)
15:50:25  INFO     [2016-08] downloading/verifying cache …
15:52:57  INFO     [2016-08] reading ticks …
15:53:00  INFO     [2016-08] 3,925,330 ticks → building bars …
15:53:00  INFO     [2016-08] → 3,925 bars
15:53:00  INFO     [2016-08] SAVED  cumulative=48,326 rows  (ok=17 skip=0 err=3)
15:53:00  INFO     [2016-09] downloading/verifying cache …
15:55:28  INFO     [2016-09] reading ticks …
15:55:35  INFO     [2016-09] 3,901,558 ticks → building bars …
15:55:35  INFO     [2016-09] → 3,901 bars
15:55:35  INFO     [2016-09] SAVED  cumulative=52,227 rows  (ok=18 skip=0 err=3)
15:55:35  INFO     [2016-10] downloading/verifying cache …
09:22:43  INFO     ============================================================
09:22:43  INFO     build_tick_bars  XAUUSD  1000t  2015–2026  timeout=240s/month
09:22:43  INFO     Output: C:\nautilus0\trading_system_v4\data\xauusd_1000t_bars.parquet
09:22:43  INFO     ============================================================
09:22:43  INFO     Existing parquet ends at 2016-09-30 — resuming from 2016-10
09:22:43  INFO     [2016-10] downloading/verifying cache …
09:26:43  ERROR    [2016-10] ERROR: Max retries (3) exceeded for URL: https://datafeed.dukascopy.com/datafeed/XAUUSD/2016/09/01/00h_ticks.bi5 — skipping
09:26:43  INFO     [2016-11] downloading/verifying cache …
09:30:43  ERROR    [2016-11] ERROR: Max retries (3) exceeded for URL: https://datafeed.dukascopy.com/datafeed/XAUUSD/2016/10/01/00h_ticks.bi5 — skipping
09:30:43  INFO     [2016-12] downloading/verifying cache …
09:33:15  INFO     [2016-12] reading ticks …
09:33:23  INFO     [2016-12] 3,296,733 ticks → building bars …
09:33:23  INFO     [2016-12] → 3,296 bars
09:33:23  INFO     [2016-12] SAVED  cumulative=55,523 rows  (ok=1 skip=0 err=2)
09:33:23  INFO     [2017-01] downloading/verifying cache …
09:35:56  INFO     [2017-01] reading ticks …
09:36:03  INFO     [2017-01] 3,991,135 ticks → building bars …
09:36:03  INFO     [2017-01] → 3,991 bars
09:36:03  INFO     [2017-01] SAVED  cumulative=59,514 rows  (ok=2 skip=0 err=2)
09:36:03  INFO     [2017-02] downloading/verifying cache …
09:38:22  INFO     [2017-02] reading ticks …
09:38:29  INFO     [2017-02] 4,018,198 ticks → building bars …
09:38:30  INFO     [2017-02] → 4,018 bars
09:38:30  INFO     [2017-02] SAVED  cumulative=63,532 rows  (ok=3 skip=0 err=2)
09:38:30  INFO     [2017-03] downloading/verifying cache …
09:41:02  INFO     [2017-03] reading ticks …
09:41:10  INFO     [2017-03] 4,238,347 ticks → building bars …
09:41:10  INFO     [2017-03] → 4,238 bars
09:41:10  INFO     [2017-03] SAVED  cumulative=67,770 rows  (ok=4 skip=0 err=2)
09:41:10  INFO     [2017-04] downloading/verifying cache …
09:43:38  INFO     [2017-04] reading ticks …
09:43:44  INFO     [2017-04] 3,302,393 ticks → building bars …
09:43:44  INFO     [2017-04] → 3,302 bars
09:43:45  INFO     [2017-04] SAVED  cumulative=71,072 rows  (ok=5 skip=0 err=2)
09:43:45  INFO     [2017-05] downloading/verifying cache …
09:46:17  INFO     [2017-05] reading ticks …
09:46:24  INFO     [2017-05] 3,595,878 ticks → building bars …
09:46:25  INFO     [2017-05] → 3,595 bars
09:46:25  INFO     [2017-05] SAVED  cumulative=74,667 rows  (ok=6 skip=0 err=2)
09:46:25  INFO     [2017-06] downloading/verifying cache …
09:48:59  INFO     [2017-06] reading ticks …
09:49:06  INFO     [2017-06] 3,333,983 ticks → building bars …
09:49:06  INFO     [2017-06] → 3,333 bars
09:49:07  INFO     [2017-06] SAVED  cumulative=78,000 rows  (ok=7 skip=0 err=2)
09:49:07  INFO     [2017-07] downloading/verifying cache …
09:51:39  INFO     [2017-07] reading ticks …
09:51:46  INFO     [2017-07] 3,076,986 ticks → building bars …
09:51:46  INFO     [2017-07] → 3,076 bars
09:51:46  INFO     [2017-07] SAVED  cumulative=81,076 rows  (ok=8 skip=0 err=2)
09:51:46  INFO     [2017-08] downloading/verifying cache …
09:54:19  INFO     [2017-08] reading ticks …
09:54:26  INFO     [2017-08] 3,833,722 ticks → building bars …
09:54:27  INFO     [2017-08] → 3,833 bars
09:54:27  INFO     [2017-08] SAVED  cumulative=84,909 rows  (ok=9 skip=0 err=2)
09:54:27  INFO     [2017-09] downloading/verifying cache …
09:56:55  INFO     [2017-09] reading ticks …
09:57:01  INFO     [2017-09] 3,895,196 ticks → building bars …
09:57:02  INFO     [2017-09] → 3,895 bars
09:57:02  INFO     [2017-09] SAVED  cumulative=88,804 rows  (ok=10 skip=0 err=2)
09:57:02  INFO     [2017-10] downloading/verifying cache …
10:01:02  ERROR    [2017-10] ERROR: Max retries (3) exceeded for URL: https://datafeed.dukascopy.com/datafeed/XAUUSD/2017/09/01/00h_ticks.bi5 — skipping
10:01:02  INFO     [2017-11] downloading/verifying cache …
10:03:30  INFO     [2017-11] reading ticks …
10:03:37  INFO     [2017-11] 4,462,560 ticks → building bars …
10:03:38  INFO     [2017-11] → 4,462 bars
10:03:38  INFO     [2017-11] SAVED  cumulative=93,266 rows  (ok=11 skip=0 err=3)
10:03:38  INFO     [2017-12] downloading/verifying cache …
10:06:10  INFO     [2017-12] reading ticks …
10:06:17  INFO     [2017-12] 3,900,168 ticks → building bars …
10:06:17  INFO     [2017-12] → 3,900 bars
10:06:17  INFO     [2017-12] SAVED  cumulative=97,166 rows  (ok=12 skip=0 err=3)
10:06:17  INFO     [2018-01] downloading/verifying cache …
10:10:17  ERROR    [2018-01] ERROR: Max retries (3) exceeded for URL: https://datafeed.dukascopy.com/datafeed/XAUUSD/2018/00/01/00h_ticks.bi5 — skipping
10:10:17  INFO     [2018-02] downloading/verifying cache …
10:12:35  INFO     [2018-02] reading ticks …
10:12:43  INFO     [2018-02] 4,826,040 ticks → building bars …
10:12:44  INFO     [2018-02] → 4,826 bars
10:12:44  INFO     [2018-02] SAVED  cumulative=101,992 rows  (ok=13 skip=0 err=4)
10:12:44  INFO     [2018-03] downloading/verifying cache …
10:15:16  INFO     [2018-03] reading ticks …
10:15:24  INFO     [2018-03] 3,695,844 ticks → building bars …
10:15:24  INFO     [2018-03] → 3,695 bars
10:15:24  INFO     [2018-03] SAVED  cumulative=105,687 rows  (ok=14 skip=0 err=4)
10:15:24  INFO     [2018-04] downloading/verifying cache …
10:19:24  ERROR    [2018-04] ERROR: Max retries (3) exceeded for URL: https://datafeed.dukascopy.com/datafeed/XAUUSD/2018/03/01/00h_ticks.bi5 — skipping
10:19:24  INFO     [2018-05] downloading/verifying cache …
10:23:24  ERROR    [2018-05] ERROR: Max retries (3) exceeded for URL: https://datafeed.dukascopy.com/datafeed/XAUUSD/2018/04/01/00h_ticks.bi5 — skipping
10:23:24  INFO     [2018-06] downloading/verifying cache …
10:27:24  ERROR    [2018-06] ERROR: Max retries (3) exceeded for URL: https://datafeed.dukascopy.com/datafeed/XAUUSD/2018/05/01/00h_ticks.bi5 — skipping
10:27:24  INFO     [2018-07] downloading/verifying cache …
10:29:57  INFO     [2018-07] reading ticks …
10:30:03  INFO     [2018-07] 2,855,747 ticks → building bars …
10:30:04  INFO     [2018-07] → 2,855 bars
10:30:04  INFO     [2018-07] SAVED  cumulative=108,542 rows  (ok=15 skip=0 err=7)
10:30:04  INFO     [2018-08] downloading/verifying cache …
10:32:36  INFO     [2018-08] reading ticks …
10:32:44  INFO     [2018-08] 2,946,930 ticks → building bars …
10:32:44  INFO     [2018-08] → 2,946 bars
10:32:45  INFO     [2018-08] SAVED  cumulative=111,488 rows  (ok=16 skip=0 err=7)
10:32:45  INFO     [2018-09] downloading/verifying cache …
10:35:12  INFO     [2018-09] reading ticks …
10:35:19  INFO     [2018-09] 2,413,887 ticks → building bars …
10:35:19  INFO     [2018-09] → 2,413 bars
10:35:19  INFO     [2018-09] SAVED  cumulative=113,901 rows  (ok=17 skip=0 err=7)
10:35:19  INFO     [2018-10] downloading/verifying cache …
10:37:51  INFO     [2018-10] reading ticks …
10:37:59  INFO     [2018-10] 2,956,491 ticks → building bars …
10:37:59  INFO     [2018-10] → 2,956 bars
10:37:59  INFO     [2018-10] SAVED  cumulative=116,857 rows  (ok=18 skip=0 err=7)
10:37:59  INFO     [2018-11] downloading/verifying cache …
10:40:27  INFO     [2018-11] reading ticks …
10:40:33  INFO     [2018-11] 2,159,831 ticks → building bars …
10:40:34  INFO     [2018-11] → 2,159 bars
10:40:34  INFO     [2018-11] SAVED  cumulative=119,016 rows  (ok=19 skip=0 err=7)
10:40:34  INFO     [2018-12] downloading/verifying cache …
10:44:34  ERROR    [2018-12] ERROR: Max retries (3) exceeded for URL: https://datafeed.dukascopy.com/datafeed/XAUUSD/2018/11/01/00h_ticks.bi5 — skipping
10:44:34  INFO     [2019-01] downloading/verifying cache …
10:47:06  INFO     [2019-01] reading ticks …
10:47:13  INFO     [2019-01] 2,118,620 ticks → building bars …
10:47:13  INFO     [2019-01] → 2,118 bars
10:47:13  INFO     [2019-01] SAVED  cumulative=121,134 rows  (ok=20 skip=0 err=8)
10:47:13  INFO     [2019-02] downloading/verifying cache …
10:49:31  INFO     [2019-02] reading ticks …
10:49:37  INFO     [2019-02] 1,739,405 ticks → building bars …
10:49:38  INFO     [2019-02] → 1,739 bars
10:49:38  INFO     [2019-02] SAVED  cumulative=122,873 rows  (ok=21 skip=0 err=8)
10:49:38  INFO     [2019-03] downloading/verifying cache …
10:52:10  INFO     [2019-03] reading ticks …
10:52:17  INFO     [2019-03] 2,355,615 ticks → building bars …
10:52:17  INFO     [2019-03] → 2,355 bars
10:52:17  INFO     [2019-03] SAVED  cumulative=125,228 rows  (ok=22 skip=0 err=8)
10:52:17  INFO     [2019-04] downloading/verifying cache …
10:54:45  INFO     [2019-04] reading ticks …
10:54:51  INFO     [2019-04] 1,948,157 ticks → building bars …
10:54:52  INFO     [2019-04] → 1,948 bars
10:54:52  INFO     [2019-04] SAVED  cumulative=127,176 rows  (ok=23 skip=0 err=8)
10:54:52  INFO     [2019-05] downloading/verifying cache …
10:57:24  INFO     [2019-05] reading ticks …
10:57:31  INFO     [2019-05] 2,615,221 ticks → building bars …
10:57:31  INFO     [2019-05] → 2,615 bars
10:57:31  INFO     [2019-05] SAVED  cumulative=129,791 rows  (ok=24 skip=0 err=8)
10:57:31  INFO     [2019-06] downloading/verifying cache …
10:59:59  INFO     [2019-06] reading ticks …
11:00:06  INFO     [2019-06] 3,508,252 ticks → building bars …
11:00:06  INFO     [2019-06] → 3,508 bars
11:00:06  INFO     [2019-06] SAVED  cumulative=133,299 rows  (ok=25 skip=0 err=8)
11:00:06  INFO     [2019-07] downloading/verifying cache …
11:02:39  INFO     [2019-07] reading ticks …
11:02:47  INFO     [2019-07] 3,586,221 ticks → building bars …
11:02:47  INFO     [2019-07] → 3,586 bars
11:02:47  INFO     [2019-07] SAVED  cumulative=136,885 rows  (ok=26 skip=0 err=8)
11:02:47  INFO     [2019-08] downloading/verifying cache …
11:06:47  ERROR    [2019-08] ERROR: Unexpected exception while fetching URL: https://datafeed.dukascopy.com/datafeed/XAUUSD/2019/07/01/00h_ticks.bi5: RetryableError: Service temporarily unavailable (503) for URL: https://datafeed.dukascopy.com/datafeed/XAUUSD/2019/07/01/00h_ticks.bi5 — skipping
11:06:47  INFO     [2019-09] downloading/verifying cache …
11:10:47  ERROR    [2019-09] ERROR: Max retries (3) exceeded for URL: https://datafeed.dukascopy.com/datafeed/XAUUSD/2019/08/01/00h_ticks.bi5 — skipping
11:10:47  INFO     [2019-10] downloading/verifying cache …
11:13:20  INFO     [2019-10] reading ticks …
11:13:27  INFO     [2019-10] 4,607,249 ticks → building bars …
11:13:28  INFO     [2019-10] → 4,607 bars
11:13:28  INFO     [2019-10] SAVED  cumulative=141,492 rows  (ok=27 skip=0 err=10)
11:13:28  INFO     [2019-11] downloading/verifying cache …
11:15:56  INFO     [2019-11] reading ticks …
11:16:03  INFO     [2019-11] 2,970,095 ticks → building bars …
11:16:03  INFO     [2019-11] → 2,970 bars
11:16:03  INFO     [2019-11] SAVED  cumulative=144,462 rows  (ok=28 skip=0 err=10)
11:16:03  INFO     [2019-12] downloading/verifying cache …
11:18:36  INFO     [2019-12] reading ticks …
11:18:43  INFO     [2019-12] 2,569,542 ticks → building bars …
11:18:43  INFO     [2019-12] → 2,569 bars
11:18:43  INFO     [2019-12] SAVED  cumulative=147,031 rows  (ok=29 skip=0 err=10)
11:18:43  INFO     [2020-01] downloading/verifying cache …
11:22:43  ERROR    [2020-01] ERROR: Max retries (3) exceeded for URL: https://datafeed.dukascopy.com/datafeed/XAUUSD/2020/00/01/00h_ticks.bi5 — skipping
11:22:43  INFO     [2020-02] downloading/verifying cache …
11:25:06  INFO     [2020-02] reading ticks …
11:25:13  INFO     [2020-02] 4,658,254 ticks → building bars …
11:25:14  INFO     [2020-02] → 4,658 bars
11:25:14  INFO     [2020-02] SAVED  cumulative=151,689 rows  (ok=30 skip=0 err=11)
11:25:14  INFO     [2020-03] downloading/verifying cache …
11:27:46  INFO     [2020-03] reading ticks …
11:27:54  INFO     [2020-03] 6,631,554 ticks → building bars …
11:27:55  INFO     [2020-03] → 6,631 bars
11:27:55  INFO     [2020-03] SAVED  cumulative=158,320 rows  (ok=31 skip=0 err=11)
11:27:55  INFO     [2020-04] downloading/verifying cache …
11:30:23  INFO     [2020-04] reading ticks …
11:30:30  INFO     [2020-04] 3,750,430 ticks → building bars …
11:30:30  INFO     [2020-04] → 3,750 bars
11:30:31  INFO     [2020-04] SAVED  cumulative=162,070 rows  (ok=32 skip=0 err=11)
11:30:31  INFO     [2020-05] downloading/verifying cache …
11:33:03  INFO     [2020-05] reading ticks …
11:33:10  INFO     [2020-05] 4,179,413 ticks → building bars …
11:33:11  INFO     [2020-05] → 4,179 bars
11:33:11  INFO     [2020-05] SAVED  cumulative=166,249 rows  (ok=33 skip=0 err=11)
11:33:11  INFO     [2020-06] downloading/verifying cache …
11:35:38  INFO     [2020-06] reading ticks …
11:35:46  INFO     [2020-06] 4,552,144 ticks → building bars …
11:35:46  INFO     [2020-06] → 4,552 bars
11:35:46  INFO     [2020-06] SAVED  cumulative=170,801 rows  (ok=34 skip=0 err=11)
11:35:46  INFO     [2020-07] downloading/verifying cache …
11:38:19  INFO     [2020-07] reading ticks …
11:38:26  INFO     [2020-07] 4,726,565 ticks → building bars …
11:38:27  INFO     [2020-07] → 4,726 bars
11:38:27  INFO     [2020-07] SAVED  cumulative=175,527 rows  (ok=35 skip=0 err=11)
11:38:27  INFO     [2020-08] downloading/verifying cache …
11:40:59  INFO     [2020-08] reading ticks …
11:41:07  INFO     [2020-08] 5,961,384 ticks → building bars …
11:41:08  INFO     [2020-08] → 5,961 bars
11:41:08  INFO     [2020-08] SAVED  cumulative=181,488 rows  (ok=36 skip=0 err=11)
11:41:08  INFO     [2020-09] downloading/verifying cache …
11:43:35  INFO     [2020-09] reading ticks …
11:43:43  INFO     [2020-09] 5,147,813 ticks → building bars …
11:43:44  INFO     [2020-09] → 5,147 bars
11:43:44  INFO     [2020-09] SAVED  cumulative=186,635 rows  (ok=37 skip=0 err=11)
11:43:44  INFO     [2020-10] downloading/verifying cache …
11:46:17  INFO     [2020-10] reading ticks …
11:46:24  INFO     [2020-10] 4,248,307 ticks → building bars …
11:46:25  INFO     [2020-10] → 4,248 bars
11:46:25  INFO     [2020-10] SAVED  cumulative=190,883 rows  (ok=38 skip=0 err=11)
11:46:25  INFO     [2020-11] downloading/verifying cache …
11:48:52  INFO     [2020-11] reading ticks …
11:49:00  INFO     [2020-11] 4,258,398 ticks → building bars …
11:49:00  INFO     [2020-11] → 4,258 bars
11:49:00  INFO     [2020-11] SAVED  cumulative=195,141 rows  (ok=39 skip=0 err=11)
11:49:00  INFO     [2020-12] downloading/verifying cache …
11:51:33  INFO     [2020-12] reading ticks …
11:51:40  INFO     [2020-12] 3,668,950 ticks → building bars …
11:51:41  INFO     [2020-12] → 3,668 bars
11:51:41  INFO     [2020-12] SAVED  cumulative=198,809 rows  (ok=40 skip=0 err=11)
11:51:41  INFO     [2021-01] downloading/verifying cache …
11:54:14  INFO     [2021-01] reading ticks …
11:54:21  INFO     [2021-01] 4,751,517 ticks → building bars …
11:54:21  INFO     [2021-01] → 4,751 bars
11:54:21  INFO     [2021-01] SAVED  cumulative=203,560 rows  (ok=41 skip=0 err=11)
11:54:21  INFO     [2021-02] downloading/verifying cache …
11:56:39  INFO     [2021-02] reading ticks …
11:56:47  INFO     [2021-02] 5,262,811 ticks → building bars …
11:56:48  INFO     [2021-02] → 5,262 bars
11:56:48  INFO     [2021-02] SAVED  cumulative=208,822 rows  (ok=42 skip=0 err=11)
11:56:48  INFO     [2021-03] downloading/verifying cache …
11:59:20  INFO     [2021-03] reading ticks …
11:59:29  INFO     [2021-03] 6,482,901 ticks → building bars …
11:59:30  INFO     [2021-03] → 6,482 bars
11:59:30  INFO     [2021-03] SAVED  cumulative=215,304 rows  (ok=43 skip=0 err=11)
11:59:30  INFO     [2021-04] downloading/verifying cache …
12:03:30  ERROR    [2021-04] ERROR: Max retries (3) exceeded for URL: https://datafeed.dukascopy.com/datafeed/XAUUSD/2021/03/01/00h_ticks.bi5 — skipping
12:03:30  INFO     [2021-05] downloading/verifying cache …
12:07:30  ERROR    [2021-05] ERROR: Max retries (3) exceeded for URL: https://datafeed.dukascopy.com/datafeed/XAUUSD/2021/04/01/00h_ticks.bi5 — skipping
12:07:30  INFO     [2021-06] downloading/verifying cache …
12:11:30  ERROR    [2021-06] ERROR: Max retries (3) exceeded for URL: https://datafeed.dukascopy.com/datafeed/XAUUSD/2021/05/01/00h_ticks.bi5 — skipping
12:11:30  INFO     [2021-07] downloading/verifying cache …
12:14:02  INFO     [2021-07] reading ticks …
12:14:09  INFO     [2021-07] 3,462,270 ticks → building bars …
12:14:10  INFO     [2021-07] → 3,462 bars
12:14:10  INFO     [2021-07] SAVED  cumulative=218,766 rows  (ok=44 skip=0 err=14)
12:14:10  INFO     [2021-08] downloading/verifying cache …
12:18:10  ERROR    [2021-08] ERROR: Max retries (3) exceeded for URL: https://datafeed.dukascopy.com/datafeed/XAUUSD/2021/07/01/00h_ticks.bi5 — skipping
12:18:10  INFO     [2021-09] downloading/verifying cache …
12:20:38  INFO     [2021-09] reading ticks …
12:20:45  INFO     [2021-09] 4,370,571 ticks → building bars …
12:20:46  INFO     [2021-09] → 4,370 bars
12:20:46  INFO     [2021-09] SAVED  cumulative=223,136 rows  (ok=45 skip=0 err=15)
12:20:46  INFO     [2021-10] downloading/verifying cache …
12:23:18  INFO     [2021-10] reading ticks …
12:23:26  INFO     [2021-10] 4,170,152 ticks → building bars …
12:23:26  INFO     [2021-10] → 4,170 bars
12:23:26  INFO     [2021-10] SAVED  cumulative=227,306 rows  (ok=46 skip=0 err=15)
12:23:26  INFO     [2021-11] downloading/verifying cache …
12:27:26  ERROR    [2021-11] ERROR: Unexpected exception while fetching URL: https://datafeed.dukascopy.com/datafeed/XAUUSD/2021/10/01/00h_ticks.bi5: RetryableError: Service temporarily unavailable (503) for URL: https://datafeed.dukascopy.com/datafeed/XAUUSD/2021/10/01/00h_ticks.bi5 — skipping
12:27:26  INFO     [2021-12] downloading/verifying cache …
12:29:59  INFO     [2021-12] reading ticks …
12:30:06  INFO     [2021-12] 3,436,395 ticks → building bars …
12:30:06  INFO     [2021-12] → 3,436 bars
12:30:07  INFO     [2021-12] SAVED  cumulative=230,742 rows  (ok=47 skip=0 err=16)
12:30:07  INFO     [2022-01] downloading/verifying cache …
12:32:39  INFO     [2022-01] reading ticks …
12:32:47  INFO     [2022-01] 4,049,409 ticks → building bars …
12:32:47  INFO     [2022-01] → 4,049 bars
12:32:47  INFO     [2022-01] SAVED  cumulative=234,791 rows  (ok=48 skip=0 err=16)
12:32:47  INFO     [2022-02] downloading/verifying cache …
12:35:05  INFO     [2022-02] reading ticks …
12:35:13  INFO     [2022-02] 4,914,145 ticks → building bars …
12:35:13  INFO     [2022-02] → 4,914 bars
12:35:13  INFO     [2022-02] SAVED  cumulative=239,705 rows  (ok=49 skip=0 err=16)
12:35:13  INFO     [2022-03] downloading/verifying cache …
12:37:46  INFO     [2022-03] reading ticks …
12:37:55  INFO     [2022-03] 6,173,324 ticks → building bars …
12:37:55  INFO     [2022-03] → 6,173 bars
12:37:55  INFO     [2022-03] SAVED  cumulative=245,878 rows  (ok=50 skip=0 err=16)
12:37:55  INFO     [2022-04] downloading/verifying cache …
12:40:23  INFO     [2022-04] reading ticks …
12:40:30  INFO     [2022-04] 4,697,480 ticks → building bars …
12:40:31  INFO     [2022-04] → 4,697 bars
12:40:31  INFO     [2022-04] SAVED  cumulative=250,575 rows  (ok=51 skip=0 err=16)
12:40:31  INFO     [2022-05] downloading/verifying cache …
12:43:04  INFO     [2022-05] reading ticks …
12:43:12  INFO     [2022-05] 4,628,667 ticks → building bars …
12:43:12  INFO     [2022-05] → 4,628 bars
12:43:12  INFO     [2022-05] SAVED  cumulative=255,203 rows  (ok=52 skip=0 err=16)
12:43:12  INFO     [2022-06] downloading/verifying cache …
12:45:40  INFO     [2022-06] reading ticks …
12:45:48  INFO     [2022-06] 4,139,069 ticks → building bars …
12:45:48  INFO     [2022-06] → 4,139 bars
12:45:49  INFO     [2022-06] SAVED  cumulative=259,342 rows  (ok=53 skip=0 err=16)
12:45:49  INFO     [2022-07] downloading/verifying cache …
12:49:49  ERROR    [2022-07] ERROR: Max retries (3) exceeded for URL: https://datafeed.dukascopy.com/datafeed/XAUUSD/2022/06/01/00h_ticks.bi5 — skipping
12:49:49  INFO     [2022-08] downloading/verifying cache …
12:52:21  INFO     [2022-08] reading ticks …
12:52:29  INFO     [2022-08] 4,288,324 ticks → building bars …
12:52:30  INFO     [2022-08] → 4,288 bars
12:52:30  INFO     [2022-08] SAVED  cumulative=263,630 rows  (ok=54 skip=0 err=17)
12:52:30  INFO     [2022-09] downloading/verifying cache …
12:54:57  INFO     [2022-09] reading ticks …
12:55:05  INFO     [2022-09] 5,029,415 ticks → building bars …
12:55:05  INFO     [2022-09] → 5,029 bars
12:55:06  INFO     [2022-09] SAVED  cumulative=268,659 rows  (ok=55 skip=0 err=17)
12:55:06  INFO     [2022-10] downloading/verifying cache …
12:57:38  INFO     [2022-10] reading ticks …
12:57:45  INFO     [2022-10] 4,498,260 ticks → building bars …
12:57:46  INFO     [2022-10] → 4,498 bars
12:57:46  INFO     [2022-10] SAVED  cumulative=273,157 rows  (ok=56 skip=0 err=17)
12:57:46  INFO     [2022-11] downloading/verifying cache …
13:00:14  INFO     [2022-11] reading ticks …
13:00:21  INFO     [2022-11] 3,641,776 ticks → building bars …
13:00:22  INFO     [2022-11] → 3,641 bars
13:00:22  INFO     [2022-11] SAVED  cumulative=276,798 rows  (ok=57 skip=0 err=17)
13:00:22  INFO     [2022-12] downloading/verifying cache …
13:02:54  INFO     [2022-12] reading ticks …
13:03:01  INFO     [2022-12] 3,391,139 ticks → building bars …
13:03:02  INFO     [2022-12] → 3,391 bars
13:03:02  INFO     [2022-12] SAVED  cumulative=280,189 rows  (ok=58 skip=0 err=17)
13:03:02  INFO     [2023-01] downloading/verifying cache …
13:05:34  INFO     [2023-01] reading ticks …
13:05:41  INFO     [2023-01] 3,610,063 ticks → building bars …
13:05:41  INFO     [2023-01] → 3,610 bars
13:05:42  INFO     [2023-01] SAVED  cumulative=283,799 rows  (ok=59 skip=0 err=17)
13:05:42  INFO     [2023-02] downloading/verifying cache …
13:09:42  ERROR    [2023-02] ERROR: Max retries (3) exceeded for URL: https://datafeed.dukascopy.com/datafeed/XAUUSD/2023/01/01/00h_ticks.bi5 — skipping
13:09:42  INFO     [2023-03] downloading/verifying cache …
13:12:14  INFO     [2023-03] reading ticks …
13:12:22  INFO     [2023-03] 4,462,318 ticks → building bars …
13:12:23  INFO     [2023-03] → 4,462 bars
13:12:23  INFO     [2023-03] SAVED  cumulative=288,261 rows  (ok=60 skip=0 err=18)
13:12:23  INFO     [2023-04] downloading/verifying cache …
13:14:51  INFO     [2023-04] reading ticks …
13:14:58  INFO     [2023-04] 2,957,363 ticks → building bars …
13:14:58  INFO     [2023-04] → 2,957 bars
13:14:58  INFO     [2023-04] SAVED  cumulative=291,218 rows  (ok=61 skip=0 err=18)
13:14:58  INFO     [2023-05] downloading/verifying cache …
13:17:31  INFO     [2023-05] reading ticks …
13:17:38  INFO     [2023-05] 3,933,656 ticks → building bars …
13:17:38  INFO     [2023-05] → 3,933 bars
13:17:39  INFO     [2023-05] SAVED  cumulative=295,151 rows  (ok=62 skip=0 err=18)
13:17:39  INFO     [2023-06] downloading/verifying cache …
13:20:06  INFO     [2023-06] reading ticks …
13:20:13  INFO     [2023-06] 3,091,988 ticks → building bars …
13:20:13  INFO     [2023-06] → 3,091 bars
13:20:14  INFO     [2023-06] SAVED  cumulative=298,242 rows  (ok=63 skip=0 err=18)
13:20:14  INFO     [2023-07] downloading/verifying cache …
13:24:14  ERROR    [2023-07] ERROR: Max retries (3) exceeded for URL: https://datafeed.dukascopy.com/datafeed/XAUUSD/2023/06/01/00h_ticks.bi5 — skipping
13:24:14  INFO     [2023-08] downloading/verifying cache …
13:28:14  ERROR    [2023-08] ERROR: Max retries (3) exceeded for URL: https://datafeed.dukascopy.com/datafeed/XAUUSD/2023/07/01/00h_ticks.bi5 — skipping
13:28:14  INFO     [2023-09] downloading/verifying cache …
13:30:41  INFO     [2023-09] reading ticks …
13:30:47  INFO     [2023-09] 1,892,643 ticks → building bars …
13:30:48  INFO     [2023-09] → 1,892 bars
13:30:48  INFO     [2023-09] SAVED  cumulative=300,134 rows  (ok=64 skip=0 err=20)
13:30:48  INFO     [2023-10] downloading/verifying cache …
13:33:20  INFO     [2023-10] reading ticks …
13:33:27  INFO     [2023-10] 2,841,307 ticks → building bars …
13:33:28  INFO     [2023-10] → 2,841 bars
13:33:28  INFO     [2023-10] SAVED  cumulative=302,975 rows  (ok=65 skip=0 err=20)
13:33:28  INFO     [2023-11] downloading/verifying cache …
13:35:55  INFO     [2023-11] reading ticks …
13:36:02  INFO     [2023-11] 2,491,773 ticks → building bars …
13:36:02  INFO     [2023-11] → 2,491 bars
13:36:03  INFO     [2023-11] SAVED  cumulative=305,466 rows  (ok=66 skip=0 err=20)
13:36:03  INFO     [2023-12] downloading/verifying cache …
13:38:35  INFO     [2023-12] reading ticks …
13:38:41  INFO     [2023-12] 2,765,712 ticks → building bars …
13:38:42  INFO     [2023-12] → 2,765 bars
13:38:42  INFO     [2023-12] SAVED  cumulative=308,231 rows  (ok=67 skip=0 err=20)
13:38:42  INFO     [2024-01] downloading/verifying cache …
13:41:14  INFO     [2024-01] reading ticks …
13:41:22  INFO     [2024-01] 3,059,497 ticks → building bars …
13:41:22  INFO     [2024-01] → 3,059 bars
13:41:22  INFO     [2024-01] SAVED  cumulative=311,290 rows  (ok=68 skip=0 err=20)
13:41:22  INFO     [2024-02] downloading/verifying cache …
13:43:45  INFO     [2024-02] reading ticks …
13:43:51  INFO     [2024-02] 2,126,396 ticks → building bars …
13:43:52  INFO     [2024-02] → 2,126 bars
13:43:52  INFO     [2024-02] SAVED  cumulative=313,416 rows  (ok=69 skip=0 err=20)
13:43:52  INFO     [2024-03] downloading/verifying cache …
13:46:24  INFO     [2024-03] reading ticks …
13:46:31  INFO     [2024-03] 2,733,576 ticks → building bars …
13:46:31  INFO     [2024-03] → 2,733 bars
13:46:31  INFO     [2024-03] SAVED  cumulative=316,149 rows  (ok=70 skip=0 err=20)
13:46:31  INFO     [2024-04] downloading/verifying cache …
13:50:31  ERROR    [2024-04] ERROR: Max retries (3) exceeded for URL: https://datafeed.dukascopy.com/datafeed/XAUUSD/2024/03/01/00h_ticks.bi5 — skipping
13:50:31  INFO     [2024-05] downloading/verifying cache …
13:53:04  INFO     [2024-05] reading ticks …
13:53:12  INFO     [2024-05] 5,054,706 ticks → building bars …
13:53:12  INFO     [2024-05] → 5,054 bars
13:53:13  INFO     [2024-05] SAVED  cumulative=321,203 rows  (ok=71 skip=0 err=21)
13:53:13  INFO     [2024-06] downloading/verifying cache …
13:55:40  INFO     [2024-06] reading ticks …
13:55:47  INFO     [2024-06] 4,639,089 ticks → building bars …
13:55:47  INFO     [2024-06] → 4,639 bars
13:55:48  INFO     [2024-06] SAVED  cumulative=325,842 rows  (ok=72 skip=0 err=21)
13:55:48  INFO     [2024-07] downloading/verifying cache …
13:58:20  INFO     [2024-07] reading ticks …
13:58:28  INFO     [2024-07] 5,651,582 ticks → building bars …
13:58:28  INFO     [2024-07] → 5,651 bars
13:58:29  INFO     [2024-07] SAVED  cumulative=331,493 rows  (ok=73 skip=0 err=21)
13:58:29  INFO     [2024-08] downloading/verifying cache …
14:42:02  INFO     ============================================================
14:42:02  INFO     build_tick_bars  XAUUSD  1000t  2015–2026  timeout=240s/month
14:42:02  INFO     Output: C:\nautilus0\trading_system_v4\data\xauusd_1000t_bars.parquet
14:42:02  INFO     ============================================================
14:42:02  INFO     Existing parquet ends at 2024-07-31 — resuming from 2024-08
14:42:02  INFO     [2024-08] downloading/verifying cache …
14:44:34  INFO     [2024-08] reading ticks …
14:44:43  INFO     [2024-08] 5,987,622 ticks → building bars …
14:44:43  INFO     [2024-08] → 5,987 bars
14:44:44  INFO     [2024-08] SAVED  cumulative=337,480 rows  (ok=1 skip=0 err=0)
14:44:44  INFO     [2024-09] downloading/verifying cache …
14:47:11  INFO     [2024-09] reading ticks …
14:47:19  INFO     [2024-09] 5,121,630 ticks → building bars …
14:47:19  INFO     [2024-09] → 5,121 bars
14:47:19  INFO     [2024-09] SAVED  cumulative=342,601 rows  (ok=2 skip=0 err=0)
14:47:19  INFO     [2024-10] downloading/verifying cache …
14:49:52  INFO     [2024-10] reading ticks …
14:50:00  INFO     [2024-10] 5,562,067 ticks → building bars …
14:50:00  INFO     [2024-10] → 5,562 bars
14:50:01  INFO     [2024-10] SAVED  cumulative=348,163 rows  (ok=3 skip=0 err=0)
14:50:01  INFO     [2024-11] downloading/verifying cache …
14:52:28  INFO     [2024-11] reading ticks …
14:52:36  INFO     [2024-11] 5,938,280 ticks → building bars …
14:52:36  INFO     [2024-11] → 5,938 bars
14:52:36  INFO     [2024-11] SAVED  cumulative=354,101 rows  (ok=4 skip=0 err=0)
14:52:36  INFO     [2024-12] downloading/verifying cache …
14:55:09  INFO     [2024-12] reading ticks …
14:55:16  INFO     [2024-12] 5,090,073 ticks → building bars …
14:55:16  INFO     [2024-12] → 5,090 bars
14:55:17  INFO     [2024-12] SAVED  cumulative=359,191 rows  (ok=5 skip=0 err=0)
14:55:17  INFO     [2025-01] downloading/verifying cache …
14:57:49  INFO     [2025-01] reading ticks …
14:57:57  INFO     [2025-01] 5,798,226 ticks → building bars …
14:57:57  INFO     [2025-01] → 5,798 bars
14:57:58  INFO     [2025-01] SAVED  cumulative=364,989 rows  (ok=6 skip=0 err=0)
14:57:58  INFO     [2025-02] downloading/verifying cache …
15:01:58  ERROR    [2025-02] ERROR: Unexpected exception while fetching URL: https://datafeed.dukascopy.com/datafeed/XAUUSD/2025/01/01/00h_ticks.bi5: RetryableError: Service temporarily unavailable (503) for URL: https://datafeed.dukascopy.com/datafeed/XAUUSD/2025/01/01/00h_ticks.bi5 — skipping
15:01:58  INFO     [2025-03] downloading/verifying cache …
15:04:30  INFO     [2025-03] reading ticks …
15:04:37  INFO     [2025-03] 5,396,499 ticks → building bars …
15:04:38  INFO     [2025-03] → 5,396 bars
15:04:38  INFO     [2025-03] SAVED  cumulative=370,385 rows  (ok=7 skip=0 err=1)
15:04:38  INFO     [2025-04] downloading/verifying cache …
15:07:06  INFO     [2025-04] reading ticks …
15:07:14  INFO     [2025-04] 6,160,835 ticks → building bars …
15:07:14  INFO     [2025-04] → 6,160 bars
15:07:15  INFO     [2025-04] SAVED  cumulative=376,545 rows  (ok=8 skip=0 err=1)
15:07:15  INFO     [2025-05] downloading/verifying cache …
15:11:15  ERROR    [2025-05] ERROR: Max retries (3) exceeded for URL: https://datafeed.dukascopy.com/datafeed/XAUUSD/2025/04/01/00h_ticks.bi5 — skipping
15:11:15  INFO     [2025-06] downloading/verifying cache …
15:13:42  INFO     [2025-06] reading ticks …
15:13:49  INFO     [2025-06] 4,752,206 ticks → building bars …
15:13:50  INFO     [2025-06] → 4,752 bars
15:13:50  INFO     [2025-06] SAVED  cumulative=381,297 rows  (ok=9 skip=0 err=2)
15:13:50  INFO     [2025-07] downloading/verifying cache …
15:16:23  INFO     [2025-07] reading ticks …
15:16:31  INFO     [2025-07] 4,192,283 ticks → building bars …
15:16:31  INFO     [2025-07] → 4,192 bars
15:16:32  INFO     [2025-07] SAVED  cumulative=385,489 rows  (ok=10 skip=0 err=2)
15:16:32  INFO     [2025-08] downloading/verifying cache …
15:20:32  ERROR    [2025-08] ERROR: Unexpected exception while fetching URL: https://datafeed.dukascopy.com/datafeed/XAUUSD/2025/07/01/00h_ticks.bi5: RetryableError: Service temporarily unavailable (503) for URL: https://datafeed.dukascopy.com/datafeed/XAUUSD/2025/07/01/00h_ticks.bi5 — skipping
15:20:32  INFO     [2025-09] downloading/verifying cache …
15:23:13  INFO     [2025-09] reading ticks …
15:23:21  INFO     [2025-09] 5,823,801 ticks → building bars …
15:23:21  INFO     [2025-09] → 5,823 bars
15:23:22  INFO     [2025-09] SAVED  cumulative=391,312 rows  (ok=11 skip=0 err=3)
15:23:22  INFO     [2025-10] downloading/verifying cache …
15:25:54  INFO     [2025-10] reading ticks …
15:26:03  INFO     [2025-10] 9,296,228 ticks → building bars …
15:26:04  INFO     [2025-10] → 9,296 bars
15:26:05  INFO     [2025-10] SAVED  cumulative=400,608 rows  (ok=12 skip=0 err=3)
15:26:05  INFO     [2025-11] downloading/verifying cache …
15:30:05  ERROR    [2025-11] ERROR: Max retries (3) exceeded for URL: https://datafeed.dukascopy.com/datafeed/XAUUSD/2025/10/01/00h_ticks.bi5 — skipping
15:30:05  INFO     [2025-12] downloading/verifying cache …
15:32:37  INFO     [2025-12] reading ticks …
15:32:45  INFO     [2025-12] 7,982,451 ticks → building bars …
15:32:46  INFO     [2025-12] → 7,982 bars
15:32:46  INFO     [2025-12] SAVED  cumulative=408,590 rows  (ok=13 skip=0 err=4)
15:32:46  INFO     [2026-01] downloading/verifying cache …
15:36:46  ERROR    [2026-01] ERROR: Max retries (3) exceeded for URL: https://datafeed.dukascopy.com/datafeed/XAUUSD/2026/00/01/00h_ticks.bi5 — skipping
15:36:46  INFO     [2026-02] downloading/verifying cache …
15:39:04  INFO     [2026-02] reading ticks …
15:39:11  INFO     [2026-02] 6,921,741 ticks → building bars …
15:39:12  INFO     [2026-02] → 6,921 bars
15:39:12  INFO     [2026-02] SAVED  cumulative=415,511 rows  (ok=14 skip=0 err=5)
15:39:12  INFO     ============================================================
15:39:12  INFO     DONE  ok=14  skipped=0  errors=5
15:39:12  INFO     Final parquet: 415,511 rows  2015-01-01 23:30:03.164000 → 2026-02-25 21:57:20.180000
15:39:12  INFO     ============================================================
