20:36:31  INFO     ============================================================
20:36:31  INFO     build_tick_bars  GBPUSD  1000t  2015–2026  timeout=240s/month
20:36:31  INFO     Output: C:\nautilus0\trading_system_v4\data\gbpusd_1000t_bars.parquet
20:36:31  INFO     ============================================================
20:36:31  INFO     [2015-01] downloading/verifying cache …
20:40:31  ERROR    [2015-01] ERROR: Max retries (3) exceeded for URL: https://datafeed.dukascopy.com/datafeed/GBPUSD/2015/00/01/00h_ticks.bi5 — skipping
20:40:31  INFO     [2015-02] downloading/verifying cache …
20:42:51  INFO     [2015-02] reading ticks …
20:42:53  INFO     [2015-02] 1,799,817 ticks → building bars …
20:42:53  INFO     [2015-02] → 1,799 bars
20:42:53  INFO     [2015-02] SAVED  cumulative=1,799 rows  (ok=1 skip=0 err=1)
20:42:53  INFO     [2015-03] downloading/verifying cache …
20:45:28  INFO     [2015-03] reading ticks …
20:45:30  INFO     [2015-03] 2,396,081 ticks → building bars …
20:45:31  INFO     [2015-03] → 2,396 bars
20:45:31  INFO     [2015-03] SAVED  cumulative=4,195 rows  (ok=2 skip=0 err=1)
20:45:31  INFO     [2015-04] downloading/verifying cache …
20:48:00  INFO     [2015-04] reading ticks …
20:48:02  INFO     [2015-04] 2,275,317 ticks → building bars …
20:48:02  INFO     [2015-04] → 2,275 bars
20:48:02  INFO     [2015-04] SAVED  cumulative=6,470 rows  (ok=3 skip=0 err=1)
20:48:02  INFO     [2015-05] downloading/verifying cache …
20:52:02  ERROR    [2015-05] ERROR: Max retries (3) exceeded for URL: https://datafeed.dukascopy.com/datafeed/GBPUSD/2015/04/01/00h_ticks.bi5 — skipping
20:52:02  INFO     [2015-06] downloading/verifying cache …
20:54:32  INFO     [2015-06] reading ticks …
20:54:34  INFO     [2015-06] 2,236,872 ticks → building bars …
20:54:34  INFO     [2015-06] → 2,236 bars
20:54:34  INFO     [2015-06] SAVED  cumulative=8,706 rows  (ok=4 skip=0 err=2)
20:54:34  INFO     [2015-07] downloading/verifying cache …
20:57:08  INFO     [2015-07] reading ticks …
20:57:10  INFO     [2015-07] 2,070,691 ticks → building bars …
20:57:10  INFO     [2015-07] → 2,070 bars
20:57:10  INFO     [2015-07] SAVED  cumulative=10,776 rows  (ok=5 skip=0 err=2)
20:57:10  INFO     [2015-08] downloading/verifying cache …
20:59:44  INFO     [2015-08] reading ticks …
20:59:46  INFO     [2015-08] 1,864,632 ticks → building bars …
20:59:46  INFO     [2015-08] → 1,864 bars
20:59:46  INFO     [2015-08] SAVED  cumulative=12,640 rows  (ok=6 skip=0 err=2)
20:59:46  INFO     [2015-09] downloading/verifying cache …
21:03:46  ERROR    [2015-09] ERROR: Max retries (3) exceeded for URL: https://datafeed.dukascopy.com/datafeed/GBPUSD/2015/08/01/00h_ticks.bi5 — skipping
21:03:46  INFO     [2015-10] downloading/verifying cache …
21:07:46  ERROR    [2015-10] ERROR: Max retries (3) exceeded for URL: https://datafeed.dukascopy.com/datafeed/GBPUSD/2015/09/01/00h_ticks.bi5 — skipping
21:07:46  INFO     [2015-11] downloading/verifying cache …
21:11:46  ERROR    [2015-11] ERROR: Max retries (3) exceeded for URL: https://datafeed.dukascopy.com/datafeed/GBPUSD/2015/10/01/00h_ticks.bi5 — skipping
21:11:46  INFO     [2015-12] downloading/verifying cache …
21:14:20  INFO     [2015-12] reading ticks …
21:14:21  INFO     [2015-12] 1,789,500 ticks → building bars …
21:14:21  INFO     [2015-12] → 1,789 bars
21:14:21  INFO     [2015-12] SAVED  cumulative=14,429 rows  (ok=7 skip=0 err=5)
21:14:21  INFO     [2016-01] downloading/verifying cache …
21:16:56  INFO     [2016-01] reading ticks …
21:16:57  INFO     [2016-01] 2,009,892 ticks → building bars …
21:16:57  INFO     [2016-01] → 2,009 bars
21:16:58  INFO     [2016-01] SAVED  cumulative=16,438 rows  (ok=8 skip=0 err=5)
21:16:58  INFO     [2016-02] downloading/verifying cache …
21:19:22  INFO     [2016-02] reading ticks …
21:19:24  INFO     [2016-02] 2,426,353 ticks → building bars …
21:19:24  INFO     [2016-02] → 2,426 bars
21:19:24  INFO     [2016-02] SAVED  cumulative=18,864 rows  (ok=9 skip=0 err=5)
21:19:24  INFO     [2016-03] downloading/verifying cache …
21:23:24  ERROR    [2016-03] ERROR: Max retries (3) exceeded for URL: https://datafeed.dukascopy.com/datafeed/GBPUSD/2016/02/01/00h_ticks.bi5 — skipping
21:23:24  INFO     [2016-04] downloading/verifying cache …
21:25:54  INFO     [2016-04] reading ticks …
21:25:56  INFO     [2016-04] 2,098,496 ticks → building bars …
21:25:56  INFO     [2016-04] → 2,098 bars
21:25:56  INFO     [2016-04] SAVED  cumulative=20,962 rows  (ok=10 skip=0 err=6)
21:25:56  INFO     [2016-05] downloading/verifying cache …
21:29:56  ERROR    [2016-05] ERROR: Max retries (3) exceeded for URL: https://datafeed.dukascopy.com/datafeed/GBPUSD/2016/04/01/00h_ticks.bi5 — skipping
21:29:56  INFO     [2016-06] downloading/verifying cache …
21:32:26  INFO     [2016-06] reading ticks …
21:32:28  INFO     [2016-06] 2,646,905 ticks → building bars …
21:32:28  INFO     [2016-06] → 2,646 bars
21:32:28  INFO     [2016-06] SAVED  cumulative=23,608 rows  (ok=11 skip=0 err=7)
21:32:28  INFO     [2016-07] downloading/verifying cache …
21:35:03  INFO     [2016-07] reading ticks …
21:35:05  INFO     [2016-07] 3,885,010 ticks → building bars …
21:35:06  INFO     [2016-07] → 3,885 bars
21:35:06  INFO     [2016-07] SAVED  cumulative=27,493 rows  (ok=12 skip=0 err=7)
21:35:06  INFO     [2016-08] downloading/verifying cache …
21:37:40  INFO     [2016-08] reading ticks …
21:37:43  INFO     [2016-08] 5,069,848 ticks → building bars …
21:37:44  INFO     [2016-08] → 5,069 bars
21:37:44  INFO     [2016-08] SAVED  cumulative=32,562 rows  (ok=13 skip=0 err=7)
21:37:44  INFO     [2016-09] downloading/verifying cache …
21:41:44  ERROR    [2016-09] ERROR: Max retries (3) exceeded for URL: https://datafeed.dukascopy.com/datafeed/GBPUSD/2016/08/01/00h_ticks.bi5 — skipping
21:41:44  INFO     [2016-10] downloading/verifying cache …
21:45:44  ERROR    [2016-10] ERROR: Max retries (3) exceeded for URL: https://datafeed.dukascopy.com/datafeed/GBPUSD/2016/09/01/00h_ticks.bi5 — skipping
21:45:44  INFO     [2016-11] downloading/verifying cache …
21:49:44  ERROR    [2016-11] ERROR: Max retries (3) exceeded for URL: https://datafeed.dukascopy.com/datafeed/GBPUSD/2016/10/01/00h_ticks.bi5 — skipping
21:49:44  INFO     [2016-12] downloading/verifying cache …
21:53:44  ERROR    [2016-12] ERROR: Max retries (3) exceeded for URL: https://datafeed.dukascopy.com/datafeed/GBPUSD/2016/11/01/00h_ticks.bi5 — skipping
21:53:44  INFO     [2017-01] downloading/verifying cache …
21:56:18  INFO     [2017-01] reading ticks …
21:56:20  INFO     [2017-01] 2,428,119 ticks → building bars …
21:56:20  INFO     [2017-01] → 2,428 bars
21:56:20  INFO     [2017-01] SAVED  cumulative=34,990 rows  (ok=14 skip=0 err=11)
21:56:20  INFO     [2017-02] downloading/verifying cache …
21:58:40  INFO     [2017-02] reading ticks …
21:58:42  INFO     [2017-02] 1,951,204 ticks → building bars …
21:58:42  INFO     [2017-02] → 1,951 bars
21:58:43  INFO     [2017-02] SAVED  cumulative=36,941 rows  (ok=15 skip=0 err=11)
21:58:43  INFO     [2017-03] downloading/verifying cache …
22:02:43  ERROR    [2017-03] ERROR: Max retries (3) exceeded for URL: https://datafeed.dukascopy.com/datafeed/GBPUSD/2017/02/01/00h_ticks.bi5 — skipping
22:02:43  INFO     [2017-04] downloading/verifying cache …
22:05:13  INFO     [2017-04] reading ticks …
22:05:15  INFO     [2017-04] 1,672,615 ticks → building bars …
22:05:15  INFO     [2017-04] → 1,672 bars
22:05:15  INFO     [2017-04] SAVED  cumulative=38,613 rows  (ok=16 skip=0 err=12)
22:05:15  INFO     [2017-05] downloading/verifying cache …
22:09:15  ERROR    [2017-05] ERROR: Max retries (3) exceeded for URL: https://datafeed.dukascopy.com/datafeed/GBPUSD/2017/04/01/00h_ticks.bi5 — skipping
22:09:15  INFO     [2017-06] downloading/verifying cache …
22:11:46  INFO     [2017-06] reading ticks …
22:11:48  INFO     [2017-06] 1,821,864 ticks → building bars …
22:11:48  INFO     [2017-06] → 1,821 bars
22:11:48  INFO     [2017-06] SAVED  cumulative=40,434 rows  (ok=17 skip=0 err=13)
22:11:48  INFO     [2017-07] downloading/verifying cache …
22:14:23  INFO     [2017-07] reading ticks …
22:14:25  INFO     [2017-07] 1,688,912 ticks → building bars …
22:14:25  INFO     [2017-07] → 1,688 bars
22:14:26  INFO     [2017-07] SAVED  cumulative=42,122 rows  (ok=18 skip=0 err=13)
22:14:26  INFO     [2017-08] downloading/verifying cache …
22:18:26  ERROR    [2017-08] ERROR: Unexpected exception while fetching URL: https://datafeed.dukascopy.com/datafeed/GBPUSD/2017/07/01/00h_ticks.bi5: RetryableError: Service temporarily unavailable (503) for URL: https://datafeed.dukascopy.com/datafeed/GBPUSD/2017/07/01/00h_ticks.bi5 — skipping
22:18:26  INFO     [2017-09] downloading/verifying cache …
22:22:26  ERROR    [2017-09] ERROR: Max retries (3) exceeded for URL: https://datafeed.dukascopy.com/datafeed/GBPUSD/2017/08/01/00h_ticks.bi5 — skipping
22:22:26  INFO     [2017-10] downloading/verifying cache …
22:26:26  ERROR    [2017-10] ERROR: Max retries (3) exceeded for URL: https://datafeed.dukascopy.com/datafeed/GBPUSD/2017/09/01/00h_ticks.bi5 — skipping
22:26:26  INFO     [2017-11] downloading/verifying cache …
22:28:56  INFO     [2017-11] reading ticks …
22:28:58  INFO     [2017-11] 1,906,174 ticks → building bars …
22:28:58  INFO     [2017-11] → 1,906 bars
22:28:59  INFO     [2017-11] SAVED  cumulative=44,028 rows  (ok=19 skip=0 err=16)
22:28:59  INFO     [2017-12] downloading/verifying cache …
22:31:33  INFO     [2017-12] reading ticks …
22:31:36  INFO     [2017-12] 1,919,965 ticks → building bars …
22:31:36  INFO     [2017-12] → 1,919 bars
22:31:36  INFO     [2017-12] SAVED  cumulative=45,947 rows  (ok=20 skip=0 err=16)
22:31:36  INFO     [2018-01] downloading/verifying cache …
22:34:11  INFO     [2018-01] reading ticks …
22:34:13  INFO     [2018-01] 2,559,832 ticks → building bars …
22:34:14  INFO     [2018-01] → 2,559 bars
22:34:14  INFO     [2018-01] SAVED  cumulative=48,506 rows  (ok=21 skip=0 err=16)
22:34:14  INFO     [2018-02] downloading/verifying cache …
22:36:34  INFO     [2018-02] reading ticks …
22:36:37  INFO     [2018-02] 2,576,966 ticks → building bars …
22:36:38  INFO     [2018-02] → 2,576 bars
22:36:38  INFO     [2018-02] SAVED  cumulative=51,082 rows  (ok=22 skip=0 err=16)
22:36:38  INFO     [2018-03] downloading/verifying cache …
22:39:13  INFO     [2018-03] reading ticks …
22:39:15  INFO     [2018-03] 2,055,886 ticks → building bars …
22:39:15  INFO     [2018-03] → 2,055 bars
22:39:15  INFO     [2018-03] SAVED  cumulative=53,137 rows  (ok=23 skip=0 err=16)
22:39:15  INFO     [2018-04] downloading/verifying cache …
22:43:15  ERROR    [2018-04] ERROR: Unexpected exception while fetching URL: https://datafeed.dukascopy.com/datafeed/GBPUSD/2018/03/01/00h_ticks.bi5: RetryableError: Service temporarily unavailable (503) for URL: https://datafeed.dukascopy.com/datafeed/GBPUSD/2018/03/01/00h_ticks.bi5 — skipping
22:43:15  INFO     [2018-05] downloading/verifying cache …
22:45:50  INFO     [2018-05] reading ticks …
22:45:57  INFO     [2018-05] 2,132,289 ticks → building bars …
22:45:57  INFO     [2018-05] → 2,132 bars
22:45:58  INFO     [2018-05] SAVED  cumulative=55,269 rows  (ok=24 skip=0 err=17)
22:45:58  INFO     [2018-06] downloading/verifying cache …
22:49:58  ERROR    [2018-06] ERROR: Max retries (3) exceeded for URL: https://datafeed.dukascopy.com/datafeed/GBPUSD/2018/05/01/00h_ticks.bi5 — skipping
22:49:58  INFO     [2018-07] downloading/verifying cache …
22:53:58  ERROR    [2018-07] ERROR: Max retries (3) exceeded for URL: https://datafeed.dukascopy.com/datafeed/GBPUSD/2018/06/01/00h_ticks.bi5 — skipping
22:53:58  INFO     [2018-08] downloading/verifying cache …
22:56:32  INFO     [2018-08] reading ticks …
22:56:34  INFO     [2018-08] 1,978,513 ticks → building bars …
22:56:35  INFO     [2018-08] → 1,978 bars
22:56:35  INFO     [2018-08] SAVED  cumulative=57,247 rows  (ok=25 skip=0 err=19)
22:56:35  INFO     [2018-09] downloading/verifying cache …
22:59:05  INFO     [2018-09] reading ticks …
22:59:08  INFO     [2018-09] 1,848,124 ticks → building bars …
22:59:09  INFO     [2018-09] → 1,848 bars
22:59:09  INFO     [2018-09] SAVED  cumulative=59,095 rows  (ok=26 skip=0 err=19)
22:59:09  INFO     [2018-10] downloading/verifying cache …
23:01:49  INFO     [2018-10] reading ticks …
23:01:52  INFO     [2018-10] 2,441,717 ticks → building bars …
23:01:53  INFO     [2018-10] → 2,441 bars
23:01:53  INFO     [2018-10] SAVED  cumulative=61,536 rows  (ok=27 skip=0 err=19)
23:01:53  INFO     [2018-11] downloading/verifying cache …
23:04:28  INFO     [2018-11] reading ticks …
23:04:31  INFO     [2018-11] 2,524,315 ticks → building bars …
23:04:32  INFO     [2018-11] → 2,524 bars
23:04:32  INFO     [2018-11] SAVED  cumulative=64,060 rows  (ok=28 skip=0 err=19)
23:04:32  INFO     [2018-12] downloading/verifying cache …
23:07:12  INFO     [2018-12] reading ticks …
23:07:15  INFO     [2018-12] 2,712,653 ticks → building bars …
23:07:16  INFO     [2018-12] → 2,712 bars
23:07:17  INFO     [2018-12] SAVED  cumulative=66,772 rows  (ok=29 skip=0 err=19)
23:07:17  INFO     [2019-01] downloading/verifying cache …
23:09:56  INFO     [2019-01] reading ticks …
23:10:01  INFO     [2019-01] 3,509,725 ticks → building bars …
23:10:02  INFO     [2019-01] → 3,509 bars
23:10:02  INFO     [2019-01] SAVED  cumulative=70,281 rows  (ok=30 skip=0 err=19)
23:10:02  INFO     [2019-02] downloading/verifying cache …
23:14:02  ERROR    [2019-02] ERROR: Max retries (3) exceeded for URL: https://datafeed.dukascopy.com/datafeed/GBPUSD/2019/01/01/00h_ticks.bi5 — skipping
23:14:02  INFO     [2019-03] downloading/verifying cache …
23:18:02  ERROR    [2019-03] ERROR: Unexpected exception while fetching URL: https://datafeed.dukascopy.com/datafeed/GBPUSD/2019/02/01/00h_ticks.bi5: RetryableError: Service temporarily unavailable (503) for URL: https://datafeed.dukascopy.com/datafeed/GBPUSD/2019/02/01/00h_ticks.bi5 — skipping
23:18:02  INFO     [2019-04] downloading/verifying cache …
23:22:02  ERROR    [2019-04] ERROR: Max retries (3) exceeded for URL: https://datafeed.dukascopy.com/datafeed/GBPUSD/2019/03/01/00h_ticks.bi5 — skipping
23:22:02  INFO     [2019-05] downloading/verifying cache …
23:26:02  ERROR    [2019-05] ERROR: Max retries (3) exceeded for URL: https://datafeed.dukascopy.com/datafeed/GBPUSD/2019/04/01/00h_ticks.bi5 — skipping
23:26:02  INFO     [2019-06] downloading/verifying cache …
23:28:37  INFO     [2019-06] reading ticks …
23:28:40  INFO     [2019-06] 2,081,930 ticks → building bars …
23:28:40  INFO     [2019-06] → 2,081 bars
23:28:41  INFO     [2019-06] SAVED  cumulative=72,362 rows  (ok=31 skip=0 err=23)
23:28:41  INFO     [2019-07] downloading/verifying cache …
23:30:50  ERROR    [2019-07] ERROR: Protocol error for URL: https://datafeed.dukascopy.com/datafeed/GBPUSD/2019/06/26/00h_ticks.bi5 — skipping
23:30:50  INFO     [2019-08] downloading/verifying cache …
